Component: ARM Compiler 5.06 update 3 (build 300) Tool: armlink [4d35c9]

==============================================================================

Section Cross References

    main.o(.text) refers to _printf_pad.o(.text) for _printf_pre_padding
    main.o(.text) refers to _printf_percent.o(.ARM.Collect$$_printf_percent$$00000000) for _printf_percent
    main.o(.text) refers to _printf_x.o(.ARM.Collect$$_printf_percent$$0000000C) for _printf_x
    main.o(.text) refers to _printf_hex_int.o(.text) for _printf_longlong_hex
    main.o(.text) refers to delay.o(.text) for delay_init
    main.o(.text) refers to misc.o(.text) for NVIC_PriorityGroupConfig
    main.o(.text) refers to usart.o(.text) for uart_init
    main.o(.text) refers to led.o(.text) for LED_Init
    main.o(.text) refers to key.o(.text) for KEY_Init
    main.o(.text) refers to lcd.o(.text) for LCD_Init
    main.o(.text) refers to w25qxx.o(.text) for W25QXX_Init
    main.o(.text) refers to vs10xx.o(.text) for VS_Init
    main.o(.text) refers to malloc.o(.text) for my_mem_init
    main.o(.text) refers to exfuns.o(.text) for exfuns_init
    main.o(.text) refers to ff.o(.text) for f_mount
    main.o(.text) refers to fontupd.o(.text) for font_init
    main.o(.text) refers to text.o(.text) for Show_Str
    main.o(.text) refers to noretval__2printf.o(.text) for __2printf
    main.o(.text) refers to mp3player.o(.text) for mp3_play
    main.o(.text) refers to exfuns.o(.data) for fs
    main.o(.text) refers to lcd.o(.data) for POINT_COLOR
    system_stm32f10x.o(.text) refers to system_stm32f10x.o(.data) for SystemCoreClock
    led.o(.text) refers to stm32f10x_rcc.o(.text) for RCC_APB2PeriphClockCmd
    led.o(.text) refers to stm32f10x_gpio.o(.text) for GPIO_Init
    key.o(.text) refers to stm32f10x_rcc.o(.text) for RCC_APB2PeriphClockCmd
    key.o(.text) refers to stm32f10x_gpio.o(.text) for GPIO_Init
    key.o(.text) refers to delay.o(.text) for delay_ms
    key.o(.text) refers to key.o(.data) for key_up
    lcd.o(.text) refers to _printf_percent.o(.ARM.Collect$$_printf_percent$$00000000) for _printf_percent
    lcd.o(.text) refers to _printf_x.o(.ARM.Collect$$_printf_percent$$0000000C) for _printf_x
    lcd.o(.text) refers to _printf_hex_int.o(.text) for _printf_longlong_hex
    lcd.o(.text) refers to delay.o(.text) for delay_us
    lcd.o(.text) refers to lcd.o(.bss) for lcddev
    lcd.o(.text) refers to lcd.o(.data) for POINT_COLOR
    lcd.o(.text) refers to dflt_clz.o(x$fpl$dfltu) for __aeabi_ui2d
    lcd.o(.text) refers to dmul.o(x$fpl$dmul) for __aeabi_dmul
    lcd.o(.text) refers to dfixu.o(x$fpl$dfixu) for __aeabi_d2uiz
    lcd.o(.text) refers to stm32f10x_rcc.o(.text) for RCC_AHBPeriphClockCmd
    lcd.o(.text) refers to stm32f10x_gpio.o(.text) for GPIO_Init
    lcd.o(.text) refers to stm32f10x_fsmc.o(.text) for FSMC_NORSRAMInit
    lcd.o(.text) refers to noretval__2printf.o(.text) for __2printf
    lcd.o(.text) refers to lcd.o(.constdata) for asc2_1206
    spi.o(.text) refers to stm32f10x_spi.o(.text) for SPI_I2S_GetFlagStatus
    spi.o(.text) refers to stm32f10x_rcc.o(.text) for RCC_APB2PeriphClockCmd
    spi.o(.text) refers to stm32f10x_gpio.o(.text) for GPIO_Init
    w25qxx.o(.text) refers to _printf_percent.o(.ARM.Collect$$_printf_percent$$00000000) for _printf_percent
    w25qxx.o(.text) refers to _printf_x.o(.ARM.Collect$$_printf_percent$$0000000C) for _printf_x
    w25qxx.o(.text) refers to _printf_hex_int.o(.text) for _printf_longlong_hex
    w25qxx.o(.text) refers to spi.o(.text) for SPI2_ReadWriteByte
    w25qxx.o(.text) refers to stm32f10x_rcc.o(.text) for RCC_APB2PeriphClockCmd
    w25qxx.o(.text) refers to stm32f10x_gpio.o(.text) for GPIO_Init
    w25qxx.o(.text) refers to noretval__2printf.o(.text) for __2printf
    w25qxx.o(.text) refers to delay.o(.text) for delay_us
    w25qxx.o(.text) refers to w25qxx.o(.data) for W25QXX_TYPE
    w25qxx.o(.text) refers to w25qxx.o(.bss) for W25QXX_BUFFER
    sdio_sdcard.o(.text) refers to stm32f10x_sdio.o(.text) for SDIO_GetFlagStatus
    sdio_sdcard.o(.text) refers to sdio_sdcard.o(.data) for DeviceMode
    sdio_sdcard.o(.text) refers to sdio_sdcard.o(.bss) for SDIO_CmdInitStructure
    sdio_sdcard.o(.text) refers to stm32f10x_rcc.o(.text) for RCC_APB2PeriphClockCmd
    sdio_sdcard.o(.text) refers to stm32f10x_gpio.o(.text) for GPIO_Init
    sdio_sdcard.o(.text) refers to misc.o(.text) for NVIC_Init
    sdio_sdcard.o(.text) refers to stm32f10x_dma.o(.text) for DMA_DeInit
    sdio_sdcard.o(.text) refers to sys.o(.text) for INTX_DISABLE
    sdio_sdcard.o(.text) refers to rt_memcpy_v6.o(.text) for __aeabi_memcpy
    vs10xx.o(.text) refers to spi.o(.text) for SPI1_ReadWriteByte
    vs10xx.o(.text) refers to stm32f10x_rcc.o(.text) for RCC_APB2PeriphClockCmd
    vs10xx.o(.text) refers to stm32f10x_gpio.o(.text) for GPIO_Init
    vs10xx.o(.text) refers to delay.o(.text) for delay_ms
    vs10xx.o(.text) refers to vs10xx.o(.constdata) for bitrate
[...]
    __rt_lib_init_getenv_1                   0x08000209   Thumb Code     0  libinit2.o(.ARM.Collect$$libinit$$00000023)
    __rt_lib_init_heap_1                     0x08000209   Thumb Code     0  libinit2.o(.ARM.Collect$$libinit$$0000000A)
    __rt_lib_init_lc_collate_1               0x08000209   Thumb Code     0  libinit2.o(.ARM.Collect$$libinit$$00000011)
    __rt_lib_init_lc_ctype_1                 0x08000209   Thumb Code     0  libinit2.o(.ARM.Collect$$libinit$$00000013)
    __rt_lib_init_lc_monetary_1              0x08000209   Thumb Code     0  libinit2.o(.ARM.Collect$$libinit$$00000015)
    __rt_lib_init_lc_numeric_1               0x08000209   Thumb Code     0  libinit2.o(.ARM.Collect$$libinit$$00000017)
    __rt_lib_init_lc_time_1                  0x08000209   Thumb Code     0  libinit2.o(.ARM.Collect$$libinit$$00000019)
    __rt_lib_init_preinit_1                  0x08000209   Thumb Code     0  libinit2.o(.ARM.Collect$$libinit$$00000004)
    __rt_lib_init_rand_1                     0x08000209   Thumb Code     0  libinit2.o(.ARM.Collect$$libinit$$0000000E)
    __rt_lib_init_return                     0x08000209   Thumb Code     0  libinit2.o(.ARM.Collect$$libinit$$00000033)
    __rt_lib_init_signal_1                   0x08000209   Thumb Code     0  libinit2.o(.ARM.Collect$$libinit$$0000001D)
    __rt_lib_init_stdio_1                    0x08000209   Thumb Code     0  libinit2.o(.ARM.Collect$$libinit$$00000025)
    __rt_lib_init_user_alloc_1               0x08000209   Thumb Code     0  libinit2.o(.ARM.Collect$$libinit$$0000000C)
    __rt_lib_shutdown                        0x0800020b   Thumb Code     0  libshutdown.o(.ARM.Collect$$libshutdown$$00000000)
    __rt_lib_shutdown_cpp_1                  0x0800020d   Thumb Code     0  libshutdown2.o(.ARM.Collect$$libshutdown$$00000002)
    __rt_lib_shutdown_fp_trap_1              0x0800020d   Thumb Code     0  libshutdown2.o(.ARM.Collect$$libshutdown$$00000007)
    __rt_lib_shutdown_heap_1                 0x0800020d   Thumb Code     0  libshutdown2.o(.ARM.Collect$$libshutdown$$0000000F)
    __rt_lib_shutdown_return                 0x0800020d   Thumb Code     0  libshutdown2.o(.ARM.Collect$$libshutdown$$00000010)
    __rt_lib_shutdown_signal_1               0x0800020d   Thumb Code     0  libshutdown2.o(.ARM.Collect$$libshutdown$$0000000A)
    __rt_lib_shutdown_stdio_1                0x0800020d   Thumb Code     0  libshutdown2.o(.ARM.Collect$$libshutdown$$00000004)
    __rt_lib_shutdown_user_alloc_1           0x0800020d   Thumb Code     0  libshutdown2.o(.ARM.Collect$$libshutdown$$0000000C)
    __rt_entry                               0x0800020f   Thumb Code     0  __rtentry.o(.ARM.Collect$$rtentry$$00000000)
    __rt_entry_presh_1                       0x0800020f   Thumb Code     0  __rtentry2.o(.ARM.Collect$$rtentry$$00000002)
    __rt_entry_sh                            0x0800020f   Thumb Code     0  __rtentry4.o(.ARM.Collect$$rtentry$$00000004)
    __rt_entry_li                            0x08000215   Thumb Code     0  __rtentry2.o(.ARM.Collect$$rtentry$$0000000A)
    __rt_entry_postsh_1                      0x08000215   Thumb Code     0  __rtentry2.o(.ARM.Collect$$rtentry$$00000009)
    __rt_entry_main                          0x08000219   Thumb Code     0  __rtentry2.o(.ARM.Collect$$rtentry$$0000000D)
    __rt_entry_postli_1                      0x08000219   Thumb Code     0  __rtentry2.o(.ARM.Collect$$rtentry$$0000000C)
    __rt_exit                                0x08000221   Thumb Code     0  rtexit.o(.ARM.Collect$$rtexit$$00000000)
    __rt_exit_ls                             0x08000223   Thumb Code     0  rtexit2.o(.ARM.Collect$$rtexit$$00000003)
    __rt_exit_prels_1                        0x08000223   Thumb Code     0  rtexit2.o(.ARM.Collect$$rtexit$$00000002)
    __rt_exit_exit                           0x08000227   Thumb Code     0  rtexit2.o(.ARM.Collect$$rtexit$$00000004)
    main                                     0x0800022d   Thumb Code   390  main.o(.text)
    NMI_Handler                              0x08000495   Thumb Code     2  stm32f10x_it.o(.text)
    HardFault_Handler                        0x08000497   Thumb Code     4  stm32f10x_it.o(.text)
    MemManage_Handler                        0x0800049b   Thumb Code     4  stm32f10x_it.o(.text)
    BusFault_Handler                         0x0800049f   Thumb Code     4  stm32f10x_it.o(.text)
    UsageFault_Handler                       0x080004a3   Thumb Code     4  stm32f10x_it.o(.text)
    SVC_Handler                              0x080004a7   Thumb Code     2  stm32f10x_it.o(.text)
    DebugMon_Handler                         0x080004a9   Thumb Code     2  stm32f10x_it.o(.text)
    PendSV_Handler                           0x080004ab   Thumb Code     2  stm32f10x_it.o(.text)
    SysTick_Handler                          0x080004ad   Thumb Code     2  stm32f10x_it.o(.text)
    SystemInit                               0x0800058f   Thumb Code    78  system_stm32f10x.o(.text)
    SystemCoreClockUpdate                    0x080005dd   Thumb Code   142  system_stm32f10x.o(.text)
    LED_Init                                 0x08000691   Thumb Code    68  led.o(.text)
    KEY_Init                                 0x080006dd   Thumb Code    52  key.o(.text)
    KEY_Scan                                 0x08000711   Thumb Code   188  key.o(.text)
    LCD_WR_REG                               0x080007d9   Thumb Code     6  lcd.o(.text)
    LCD_WR_DATA                              0x080007df   Thumb Code     8  lcd.o(.text)
    LCD_RD_DATA                              0x080007e7   Thumb Code    16  lcd.o(.text)
    LCD_WriteReg                             0x080007f7   Thumb Code    10  lcd.o(.text)
    LCD_ReadReg                              0x08000801   Thumb Code    22  lcd.o(.text)
    LCD_WriteRAM_Prepare                     0x08000817   Thumb Code    10  lcd.o(.text)
    LCD_WriteRAM                             0x08000821   Thumb Code     8  lcd.o(.text)
    LCD_BGR2RGB                              0x08000829   Thumb Code    26  lcd.o(.text)
    opt_delay                                0x08000843   Thumb Code    14  lcd.o(.text)
    LCD_SetCursor                            0x08000851   Thumb Code   418  lcd.o(.text)
    LCD_ReadPoint                            0x080009f3   Thumb Code   360  lcd.o(.text)
    LCD_DisplayOn                            0x08000b5b   Thumb Code   102  lcd.o(.text)
    LCD_DisplayOff                           0x08000bc1   Thumb Code    90  lcd.o(.text)
    LCD_Scan_Dir                             0x08000c1b   Thumb Code   744  lcd.o(.text)
    LCD_DrawPoint                            0x08000f03   Thumb Code    28  lcd.o(.text)
    LCD_Fast_DrawPoint                       0x08000f1f   Thumb Code   384  lcd.o(.text)
    LCD_SSD_BackLightSet                     0x0800109f   Thumb Code    80  lcd.o(.text)
    LCD_Display_Dir                          0x080010ef   Thumb Code   444  lcd.o(.text)
    LCD_Set_Window                           0x080012ab   Thumb Code   540  lcd.o(.text)
    LCD_Clear                                0x080014c7   Thumb Code   100  lcd.o(.text)
    LCD_Init                                 0x0800152b   Thumb Code 14190  lcd.o(.text)
    LCD_Fill                                 0x08004c99   Thumb Code   178  lcd.o(.text)
    LCD_Color_Fill                           0x08004d4b   Thumb Code   106  lcd.o(.text)
    LCD_DrawLine                             0x08004db5   Thumb Code   176  lcd.o(.text)
    LCD_DrawRectangle                        0x08004e65   Thumb Code    60  lcd.o(.text)
    LCD_Draw_Circle                          0x08004ea1   Thumb Code   152  lcd.o(.text)
    LCD_ShowChar                             0x08004f39   Thumb Code   272  lcd.o(.text)
    LCD_Pow                                  0x08005049   Thumb Code    22  lcd.o(.text)
    LCD_ShowNum                              0x0800505f   Thumb Code   148  lcd.o(.text)
    LCD_ShowxNum                             0x080050f3   Thumb Code   220  lcd.o(.text)
    LCD_ShowString                           0x080051cf   Thumb Code   102  lcd.o(.text)
    SPI2_ReadWriteByte                       0x08005235   Thumb Code    78  spi.o(.text)
    SPI2_Init                                0x08005283   Thumb Code   140  spi.o(.text)
    SPI2_SetSpeed                            0x0800530f   Thumb Code    36  spi.o(.text)
    SPI1_Init                                0x08005333   Thumb Code   130  spi.o(.text)
    SPI1_SetSpeed                            0x080053b5   Thumb Code    36  spi.o(.text)
    SPI1_ReadWriteByte                       0x080053d9   Thumb Code    78  spi.o(.text)
    W25QXX_ReadID                            0x08005439   Thumb Code    64  w25qxx.o(.text)
    W25QXX_Init                              0x08005479   Thumb Code    74  w25qxx.o(.text)
    W25QXX_ReadSR                            0x080054c3   Thumb Code    36  w25qxx.o(.text)
    W25QXX_Write_SR                          0x080054e7   Thumb Code    32  w25qxx.o(.text)
    W25QXX_Write_Enable                      0x08005507   Thumb Code    24  w25qxx.o(.text)
    W25QXX_Write_Disable                     0x0800551f   Thumb Code    24  w25qxx.o(.text)
    W25QXX_Read                              0x08005537   Thumb Code    74  w25qxx.o(.text)
    W25QXX_Wait_Busy                         0x08005581   Thumb Code    18  w25qxx.o(.text)
    W25QXX_Write_Page                        0x08005593   Thumb Code    80  w25qxx.o(.text)
    W25QXX_Write_NoCheck                     0x080055e3   Thumb Code    70  w25qxx.o(.text)
    W25QXX_Erase_Sector                      0x08005629   Thumb Code    70  w25qxx.o(.text)
    W25QXX_Write                             0x0800566f   Thumb Code   180  w25qxx.o(.text)
    W25QXX_Erase_Chip                        0x08005723   Thumb Code    36  w25qxx.o(.text)
    W25QXX_PowerDown                         0x08005747   Thumb Code    30  w25qxx.o(.text)
    W25QXX_WAKEUP                            0x08005765   Thumb Code    30  w25qxx.o(.text)
    SD_SetDeviceMode                         0x080057a1   Thumb Code    20  sdio_sdcard.o(.text)
    SDIO_Clock_Set                           0x080057b5   Thumb Code    16  sdio_sdcard.o(.text)
    CmdResp1Error                            0x080057c5   Thumb Code    90  sdio_sdcard.o(.text)
    FindSCR                                  0x0800581f   Thumb Code   386  sdio_sdcard.o(.text)
    SDEnWideBus                              0x080059a1   Thumb Code   158  sdio_sdcard.o(.text)
    SD_EnableWideBusOperation                0x08005a3f   Thumb Code    94  sdio_sdcard.o(.text)
    SD_SelectDeselect                        0x08005a9d   Thumb Code    42  sdio_sdcard.o(.text)
    SD_GetCardInfo                           0x08005ac7   Thumb Code   802  sdio_sdcard.o(.text)
    CmdResp2Error                            0x08005de9   Thumb Code    80  sdio_sdcard.o(.text)
    CmdResp6Error                            0x08005e39   Thumb Code   140  sdio_sdcard.o(.text)
    SD_InitializeCards                       0x08005ec5   Thumb Code   336  sdio_sdcard.o(.text)
    CmdResp3Error                            0x08006015   Thumb Code    50  sdio_sdcard.o(.text)
    CmdResp7Error                            0x08006047   Thumb Code    70  sdio_sdcard.o(.text)
    CmdError                                 0x0800608d   Thumb Code    48  sdio_sdcard.o(.text)
    SD_PowerON                               0x080060bd   Thumb Code   450  sdio_sdcard.o(.text)
    SD_Init                                  0x0800627f   Thumb Code   238  sdio_sdcard.o(.text)
    SD_PowerOFF                              0x0800636d   Thumb Code    12  sdio_sdcard.o(.text)
    SD_DMA_Config                            0x08006379   Thumb Code   146  sdio_sdcard.o(.text)
    convert_from_bytes_to_power_of_two       0x0800640b   Thumb Code    18  sdio_sdcard.o(.text)
    SD_ReadBlock                             0x0800641d   Thumb Code   560  sdio_sdcard.o(.text)
    SD_ReadMultiBlocks                       0x0800664d   Thumb Code   742  sdio_sdcard.o(.text)
    IsCardProgramming                        0x08006933   Thumb Code   142  sdio_sdcard.o(.text)
    SD_WriteBlock                            0x080069c1   Thumb Code   888  sdio_sdcard.o(.text)
    SD_WriteMultiBlocks                      0x08006d39   Thumb Code   962  sdio_sdcard.o(.text)
    SD_ProcessIRQSrc                         0x080070fb   Thumb Code   294  sdio_sdcard.o(.text)
    SDIO_IRQHandler                          0x08007221   Thumb Code     8  sdio_sdcard.o(.text)
    SD_SendStatus                            0x08007229   Thumb Code    72  sdio_sdcard.o(.text)
    SD_GetState                              0x08007271   Thumb Code    26  sdio_sdcard.o(.text)
    SD_ReadDisk                              0x0800728b   Thumb Code   148  sdio_sdcard.o(.text)
    SD_WriteDisk                             0x0800731f   Thumb Code   148  sdio_sdcard.o(.text)
    VS_SPI_ReadWriteByte                     0x080073d1   Thumb Code    12  vs10xx.o(.text)
    VS_SPI_SpeedLow                          0x080073dd   Thumb Code    10  vs10xx.o(.text)
    VS_SPI_SpeedHigh                         0x080073e7   Thumb Code    10  vs10xx.o(.text)
    VS_Init                                  0x080073f1   Thumb Code    84  vs10xx.o(.text)
    VS_WR_Cmd                                0x08007445   Thumb Code    72  vs10xx.o(.text)
    VS_RD_Reg                                0x0800748d   Thumb Code    88  vs10xx.o(.text)
    VS_Soft_Reset                            0x080074e5   Thumb Code   124  vs10xx.o(.text)
    VS_HD_Reset                              0x08007561   Thumb Code    76  vs10xx.o(.text)
    VS_Sine_Test                             0x080075ad   Thumb Code   306  vs10xx.o(.text)
    VS_Ram_Test                              0x080076df   Thumb Code   106  vs10xx.o(.text)
    VS_WR_Data                               0x08007749   Thumb Code    30  vs10xx.o(.text)
    VS_WRAM_Read                             0x08007767   Thumb Code    24  vs10xx.o(.text)
    VS_WRAM_Write                            0x0800777f   Thumb Code    34  vs10xx.o(.text)
    VS_Set_Speed                             0x080077a1   Thumb Code    16  vs10xx.o(.text)
    VS_Get_HeadInfo                          0x080077b1   Thumb Code   200  vs10xx.o(.text)
    VS_Get_ByteRate                          0x08007879   Thumb Code    12  vs10xx.o(.text)
    VS_Get_EndFillByte                       0x08007885   Thumb Code    12  vs10xx.o(.text)
    VS_Send_MusicData                        0x08007891   Thumb Code    50  vs10xx.o(.text)
    VS_Restart_Play                          0x080078c3   Thumb Code   182  vs10xx.o(.text)
    VS_Reset_DecodeTime                      0x08007979   Thumb Code    20  vs10xx.o(.text)
    VS_Get_DecodeTime                        0x0800798d   Thumb Code    16  vs10xx.o(.text)
    VS_Load_Patch                            0x0800799d   Thumb Code   112  vs10xx.o(.text)
    VS_Set_Vol                               0x08007a0d   Thumb Code    38  vs10xx.o(.text)
    VS_Set_Bass                              0x08007a33   Thumb Code   102  vs10xx.o(.text)
    VS_Set_Effect                            0x08007a99   Thumb Code    54  vs10xx.o(.text)
    VS_SPK_Set                               0x08007acf   Thumb Code    26  vs10xx.o(.text)
    VS_Set_All                               0x08007ae9   Thumb Code    42  vs10xx.o(.text)
    delay_init                               0x08007b25   Thumb Code    50  delay.o(.text)
    delay_us                                 0x08007b57   Thumb Code    72  delay.o(.text)
    delay_ms                                 0x08007b9f   Thumb Code    72  delay.o(.text)
    WFI_SET                                  0x08007bf9   Thumb Code     4  sys.o(.text)
    INTX_DISABLE                             0x08007bfd   Thumb Code     4  sys.o(.text)
    INTX_ENABLE                              0x08007c01   Thumb Code     4  sys.o(.text)
    _sys_exit                                0x08007c05   Thumb Code     6  usart.o(.text)
    fputc                                    0x08007c0b   Thumb Code    24  usart.o(.text)
    uart_init                                0x08007c23   Thumb Code   152  usart.o(.text)
    USART1_IRQHandler                        0x08007cbb   Thumb Code   122  usart.o(.text)
    Reset_Handler                            0x08007d45   Thumb Code     8  startup_stm32f10x_hd.o(.text)
    ADC1_2_IRQHandler                        0x08007d5f   Thumb Code     0  startup_stm32f10x_hd.o(.text)
    ADC3_IRQHandler                          0x08007d5f   Thumb Code     0  startup_stm32f10x_hd.o(.text)
    CAN1_RX1_IRQHandler                      0x08007d5f   Thumb Code     0  startup_stm32f10x_hd.o(.text)
    CAN1_SCE_IRQHandler                      0x08007d5f   Thumb Code     0  startup_stm32f10x_hd.o(.text)
    DMA1_Channel1_IRQHandler                 0x08007d5f   Thumb Code     0  startup_stm32f10x_hd.o(.text)
    DMA1_Channel2_IRQHandler                 0x08007d5f   Thumb Code     0  startup_stm32f10x_hd.o(.text)
    DMA1_Channel3_IRQHandler                 0x08007d5f   Thumb Code     0  startup_stm32f10x_hd.o(.text)
    DMA1_Channel4_IRQHandler                 0x08007d5f   Thumb Code     0  startup_stm32f10x_hd.o(.text)
    DMA1_Channel5_IRQHandler                 0x08007d5f   Thumb Code     0  startup_stm32f10x_hd.o(.text)
    DMA1_Channel6_IRQHandler                 0x08007d5f   Thumb Code     0  startup_stm32f10x_hd.o(.text)
    DMA1_Channel7_IRQHandler                 0x08007d5f   Thumb Code     0  startup_stm32f10x_hd.o(.text)
    DMA2_Channel1_IRQHandler                 0x08007d5f   Thumb Code     0  startup_stm32f10x_hd.o(.text)
    DMA2_Channel2_IRQHandler                 0x08007d5f   Thumb Code     0  startup_stm32f10x_hd.o(.text)
    DMA2_Channel3_IRQHandler                 0x08007d5f   Thumb Code     0  startup_stm32f10x_hd.o(.text)
    DMA2_Channel4_5_IRQHandler               0x08007d5f   Thumb Code     0  startup_stm32f10x_hd.o(.text)
    EXTI0_IRQHandler                         0x08007d5f   Thumb Code     0  startup_stm32f10x_hd.o(.text)
    EXTI15_10_IRQHandler                     0x08007d5f   Thumb Code     0  startup_stm32f10x_hd.o(.text)
    EXTI1_IRQHandler                         0x08007d5f   Thumb Code     0  startup_stm32f10x_hd.o(.text)
    EXTI2_IRQHandler                         0x08007d5f   Thumb Code     0  startup_stm32f10x_hd.o(.text)
    EXTI3_IRQHandler                         0x08007d5f   Thumb Code     0  startup_stm32f10x_hd.o(.text)
    EXTI4_IRQHandler                         0x08007d5f   Thumb Code     0  startup_stm32f10x_hd.o(.text)
    EXTI9_5_IRQHandler                       0x08007d5f   Thumb Code     0  startup_stm32f10x_hd.o(.text)
    FLASH_IRQHandler                         0x08007d5f   Thumb Code     0  startup_stm32f10x_hd.o(.text)
    FSMC_IRQHandler                          0x08007d5f   Thumb Code     0  startup_stm32f10x_hd.o(.text)
    I2C1_ER_IRQHandler                       0x08007d5f   Thumb Code     0  startup_stm32f10x_hd.o(.text)
    I2C1_EV_IRQHandler                       0x08007d5f   Thumb Code     0  startup_stm32f10x_hd.o(.text)
    I2C2_ER_IRQHandler                       0x08007d5f   Thumb Code     0  startup_stm32f10x_hd.o(.text)
    I2C2_EV_IRQHandler                       0x08007d5f   Thumb Code     0  startup_stm32f10x_hd.o(.text)
    PVD_IRQHandler                           0x08007d5f   Thumb Code     0  startup_stm32f10x_hd.o(.text)
    RCC_IRQHandler                           0x08007d5f   Thumb Code     0  startup_stm32f10x_hd.o(.text)
    RTCAlarm_IRQHandler                      0x08007d5f   Thumb Code     0  startup_stm32f10x_hd.o(.text)
    RTC_IRQHandler                           0x08007d5f   Thumb Code     0  startup_stm32f10x_hd.o(.text)
    SPI1_IRQHandler                          0x08007d5f   Thumb Code     0  startup_stm32f10x_hd.o(.text)
    SPI2_IRQHandler                          0x08007d5f   Thumb Code     0  startup_stm32f10x_hd.o(.text)
    SPI3_IRQHandler                          0x08007d5f   Thumb Code     0  startup_stm32f10x_hd.o(.text)
    TAMPER_IRQHandler                        0x08007d5f   Thumb Code     0  startup_stm32f10x_hd.o(.text)
    TIM1_BRK_IRQHandler                      0x08007d5f   Thumb Code     0  startup_stm32f10x_hd.o(.text)
    TIM1_CC_IRQHandler                       0x08007d5f   Thumb Code     0  startup_stm32f10x_hd.o(.text)
    TIM1_TRG_COM_IRQHandler                  0x08007d5f   Thumb Code     0  startup_stm32f10x_hd.o(.text)
    TIM1_UP_IRQHandler                       0x08007d5f   Thumb Code     0  startup_stm32f10x_hd.o(.text)
    TIM2_IRQHandler                          0x08007d5f   Thumb Code     0  startup_stm32f10x_hd.o(.text)
    TIM3_IRQHandler                          0x08007d5f   Thumb Code     0  startup_stm32f10x_hd.o(.text)
    TIM5_IRQHandler                          0x08007d5f   Thumb Code     0  startup_stm32f10x_hd.o(.text)
    TIM6_IRQHandler                          0x08007d5f   Thumb Code     0  startup_stm32f10x_hd.o(.text)
    TIM7_IRQHandler                          0x08007d5f   Thumb Code     0  startup_stm32f10x_hd.o(.text)
    TIM8_BRK_IRQHandler                      0x08007d5f   Thumb Code     0  startup_stm32f10x_hd.o(.text)
    TIM8_CC_IRQHandler                       0x08007d5f   Thumb Code     0  startup_stm32f10x_hd.o(.text)
    TIM8_TRG_COM_IRQHandler                  0x08007d5f   Thumb Code     0  startup_stm32f10x_hd.o(.text)
    TIM8_UP_IRQHandler                       0x08007d5f   Thumb Code     0  startup_stm32f10x_hd.o(.text)
    UART4_IRQHandler                         0x08007d5f   Thumb Code     0  startup_stm32f10x_hd.o(.text)
    UART5_IRQHandler                         0x08007d5f   Thumb Code     0  startup_stm32f10x_hd.o(.text)
    USART2_IRQHandler                        0x08007d5f   Thumb Code     0  startup_stm32f10x_hd.o(.text)
    USART3_IRQHandler                        0x08007d5f   Thumb Code     0  startup_stm32f10x_hd.o(.text)
    USBWakeUp_IRQHandler                     0x08007d5f   Thumb Code     0  startup_stm32f10x_hd.o(.text)
    USB_HP_CAN1_TX_IRQHandler                0x08007d5f   Thumb Code     0  startup_stm32f10x_hd.o(.text)
    USB_LP_CAN1_RX0_IRQHandler               0x08007d5f   Thumb Code     0  startup_stm32f10x_hd.o(.text)
    WWDG_IRQHandler                          0x08007d5f   Thumb Code     0  startup_stm32f10x_hd.o(.text)
    __user_initial_stackheap                 0x08007d61   Thumb Code     0  startup_stm32f10x_hd.o(.text)
    NVIC_PriorityGroupConfig                 0x08007d85   Thumb Code    10  misc.o(.text)
    NVIC_Init                                0x08007d8f   Thumb Code   100  misc.o(.text)
    NVIC_SetVectorTable                      0x08007df3   Thumb Code    14  misc.o(.text)
    NVIC_SystemLPConfig                      0x08007e01   Thumb Code    34  misc.o(.text)
    SysTick_CLKSourceConfig                  0x08007e23   Thumb Code    40  misc.o(.text)
    FSMC_NORSRAMDeInit                       0x08007e61   Thumb Code    54  stm32f10x_fsmc.o(.text)
    FSMC_NANDDeInit                          0x08007e97   Thumb Code    62  stm32f10x_fsmc.o(.text)
    FSMC_PCCARDDeInit                        0x08007ed5   Thumb Code    36  stm32f10x_fsmc.o(.text)
    FSMC_NORSRAMInit                         0x08007ef9   Thumb Code   230  stm32f10x_fsmc.o(.text)
    FSMC_NANDInit                            0x08007fdf   Thumb Code   132  stm32f10x_fsmc.o(.text)
    FSMC_PCCARDInit                          0x08008063   Thumb Code   130  stm32f10x_fsmc.o(.text)
    FSMC_NORSRAMStructInit                   0x080080e5   Thumb Code   114  stm32f10x_fsmc.o(.text)
    FSMC_NANDStructInit                      0x08008157   Thumb Code    54  stm32f10x_fsmc.o(.text)
    FSMC_PCCARDStructInit                    0x0800818d   Thumb Code    60  stm32f10x_fsmc.o(.text)
    FSMC_NORSRAMCmd                          0x080081c9   Thumb Code    46  stm32f10x_fsmc.o(.text)
    FSMC_NANDCmd                             0x080081f7   Thumb Code    86  stm32f10x_fsmc.o(.text)
    FSMC_PCCARDCmd                           0x0800824d   Thumb Code    44  stm32f10x_fsmc.o(.text)
    FSMC_NANDECCCmd                          0x08008279   Thumb Code    90  stm32f10x_fsmc.o(.text)
    FSMC_GetECC                              0x080082d3   Thumb Code    24  stm32f10x_fsmc.o(.text)
    FSMC_ITConfig                            0x080082eb   Thumb Code   128  stm32f10x_fsmc.o(.text)
    FSMC_GetFlagStatus                       0x0800836b   Thumb Code    54  stm32f10x_fsmc.o(.text)
    FSMC_ClearFlag                           0x080083a1   Thumb Code    62  stm32f10x_fsmc.o(.text)
    FSMC_GetITStatus                         0x080083df   Thumb Code    64  stm32f10x_fsmc.o(.text)
    FSMC_ClearITPendingBit                   0x0800841f   Thumb Code    68  stm32f10x_fsmc.o(.text)
    GPIO_DeInit                              0x0800846d   Thumb Code   172  stm32f10x_gpio.o(.text)
    GPIO_AFIODeInit                          0x08008519   Thumb Code    20  stm32f10x_gpio.o(.text)
    GPIO_Init                                0x0800852d   Thumb Code   278  stm32f10x_gpio.o(.text)
    GPIO_StructInit                          0x08008643   Thumb Code    16  stm32f10x_gpio.o(.text)
    GPIO_ReadInputDataBit                    0x08008653   Thumb Code    18  stm32f10x_gpio.o(.text)
    GPIO_ReadInputData                       0x08008665   Thumb Code     8  stm32f10x_gpio.o(.text)
    GPIO_ReadOutputDataBit                   0x0800866d   Thumb Code    18  stm32f10x_gpio.o(.text)
    GPIO_ReadOutputData                      0x0800867f   Thumb Code     8  stm32f10x_gpio.o(.text)
    GPIO_SetBits                             0x08008687   Thumb Code     4  stm32f10x_gpio.o(.text)
    GPIO_ResetBits                           0x0800868b   Thumb Code     4  stm32f10x_gpio.o(.text)
    GPIO_WriteBit                            0x0800868f   Thumb Code    10  stm32f10x_gpio.o(.text)
    GPIO_Write                               0x08008699   Thumb Code     4  stm32f10x_gpio.o(.text)
    GPIO_PinLockConfig                       0x0800869d   Thumb Code    18  stm32f10x_gpio.o(.text)
    GPIO_EventOutputConfig                   0x080086af   Thumb Code    26  stm32f10x_gpio.o(.text)
    GPIO_EventOutputCmd                      0x080086c9   Thumb Code     6  stm32f10x_gpio.o(.text)
    GPIO_PinRemapConfig                      0x080086cf   Thumb Code   138  stm32f10x_gpio.o(.text)
    GPIO_EXTILineConfig                      0x08008759   Thumb Code    66  stm32f10x_gpio.o(.text)
    GPIO_ETH_MediaInterfaceConfig            0x0800879b   Thumb Code     8  stm32f10x_gpio.o(.text)
    RCC_DeInit                               0x080087c9   Thumb Code    64  stm32f10x_rcc.o(.text)
    RCC_HSEConfig                            0x08008809   Thumb Code    70  stm32f10x_rcc.o(.text)
    RCC_GetFlagStatus                        0x0800884f   Thumb Code    56  stm32f10x_rcc.o(.text)
    RCC_WaitForHSEStartUp                    0x08008887   Thumb Code    56  stm32f10x_rcc.o(.text)
    RCC_AdjustHSICalibrationValue            0x080088bf   Thumb Code    20  stm32f10x_rcc.o(.text)
    RCC_HSICmd                               0x080088d3   Thumb Code     6  stm32f10x_rcc.o(.text)
    RCC_PLLConfig                            0x080088d9   Thumb Code    24  stm32f10x_rcc.o(.text)
    RCC_PLLCmd                               0x080088f1   Thumb Code     6  stm32f10x_rcc.o(.text)
    RCC_SYSCLKConfig                         0x080088f7   Thumb Code    18  stm32f10x_rcc.o(.text)
    RCC_GetSYSCLKSource                      0x08008909   Thumb Code    10  stm32f10x_rcc.o(.text)
    RCC_HCLKConfig                           0x08008913   Thumb Code    18  stm32f10x_rcc.o(.text)
    RCC_PCLK1Config                          0x08008925   Thumb Code    18  stm32f10x_rcc.o(.text)
    RCC_PCLK2Config                          0x08008937   Thumb Code    20  stm32f10x_rcc.o(.text)
    RCC_ITConfig                             0x0800894b   Thumb Code    26  stm32f10x_rcc.o(.text)
    RCC_USBCLKConfig                         0x08008965   Thumb Code     8  stm32f10x_rcc.o(.text)
    RCC_ADCCLKConfig                         0x0800896d   Thumb Code    18  stm32f10x_rcc.o(.text)
    RCC_LSEConfig                            0x0800897f   Thumb Code    50  stm32f10x_rcc.o(.text)
    RCC_LSICmd                               0x080089b1   Thumb Code     6  stm32f10x_rcc.o(.text)
    RCC_RTCCLKConfig                         0x080089b7   Thumb Code    12  stm32f10x_rcc.o(.text)
    RCC_RTCCLKCmd                            0x080089c3   Thumb Code     8  stm32f10x_rcc.o(.text)
    RCC_GetClocksFreq                        0x080089cb   Thumb Code   192  stm32f10x_rcc.o(.text)
    RCC_AHBPeriphClockCmd                    0x08008a8b   Thumb Code    26  stm32f10x_rcc.o(.text)
    RCC_APB2PeriphClockCmd                   0x08008aa5   Thumb Code    26  stm32f10x_rcc.o(.text)
    RCC_APB1PeriphClockCmd                   0x08008abf   Thumb Code    26  stm32f10x_rcc.o(.text)
    RCC_APB2PeriphResetCmd                   0x08008ad9   Thumb Code    26  stm32f10x_rcc.o(.text)
    RCC_APB1PeriphResetCmd                   0x08008af3   Thumb Code    26  stm32f10x_rcc.o(.text)
    RCC_BackupResetCmd                       0x08008b0d   Thumb Code     8  stm32f10x_rcc.o(.text)
    RCC_ClockSecuritySystemCmd               0x08008b15   Thumb Code     6  stm32f10x_rcc.o(.text)
    RCC_MCOConfig                            0x08008b1b   Thumb Code     6  stm32f10x_rcc.o(.text)
    RCC_ClearFlag                            0x08008b21   Thumb Code    14  stm32f10x_rcc.o(.text)
    RCC_GetITStatus                          0x08008b2f   Thumb Code    20  stm32f10x_rcc.o(.text)
    RCC_ClearITPendingBit                    0x08008b43   Thumb Code     6  stm32f10x_rcc.o(.text)
    SPI_I2S_DeInit                           0x08008b6d   Thumb Code    76  stm32f10x_spi.o(.text)
    SPI_Init                                 0x08008bb9   Thumb Code    60  stm32f10x_spi.o(.text)
    I2S_Init                                 0x08008bf5   Thumb Code   226  stm32f10x_spi.o(.text)
    SPI_StructInit                           0x08008cd7   Thumb Code    24  stm32f10x_spi.o(.text)
    I2S_StructInit                           0x08008cef   Thumb Code    20  stm32f10x_spi.o(.text)
    SPI_Cmd                                  0x08008d03   Thumb Code    24  stm32f10x_spi.o(.text)
    I2S_Cmd                                  0x08008d1b   Thumb Code    24  stm32f10x_spi.o(.text)
    SPI_I2S_ITConfig                         0x08008d33   Thumb Code    32  stm32f10x_spi.o(.text)
    SPI_I2S_DMACmd                           0x08008d53   Thumb Code    18  stm32f10x_spi.o(.text)
    SPI_I2S_SendData                         0x08008d65   Thumb Code     4  stm32f10x_spi.o(.text)
    SPI_I2S_ReceiveData                      0x08008d69   Thumb Code     6  stm32f10x_spi.o(.text)
    SPI_NSSInternalSoftwareConfig            0x08008d6f   Thumb Code    30  stm32f10x_spi.o(.text)
    SPI_SSOutputCmd                          0x08008d8d   Thumb Code    24  stm32f10x_spi.o(.text)
    SPI_DataSizeConfig                       0x08008da5   Thumb Code    18  stm32f10x_spi.o(.text)
    SPI_TransmitCRC                          0x08008db7   Thumb Code    10  stm32f10x_spi.o(.text)
    SPI_CalculateCRC                         0x08008dc1   Thumb Code    24  stm32f10x_spi.o(.text)
    SPI_GetCRC                               0x08008dd9   Thumb Code    16  stm32f10x_spi.o(.text)
    SPI_GetCRCPolynomial                     0x08008de9   Thumb Code     6  stm32f10x_spi.o(.text)
    SPI_BiDirectionalLineConfig              0x08008def   Thumb Code    28  stm32f10x_spi.o(.text)
    SPI_I2S_GetFlagStatus                    0x08008e0b   Thumb Code    18  stm32f10x_spi.o(.text)
    SPI_I2S_ClearFlag                        0x08008e1d   Thumb Code     6  stm32f10x_spi.o(.text)
    SPI_I2S_GetITStatus                      0x08008e23   Thumb Code    52  stm32f10x_spi.o(.text)
    SPI_I2S_ClearITPendingBit                0x08008e57   Thumb Code    20  stm32f10x_spi.o(.text)
    USART_DeInit                             0x08008e79   Thumb Code   134  stm32f10x_usart.o(.text)
    USART_Init                               0x08008eff   Thumb Code   210  stm32f10x_usart.o(.text)
    USART_StructInit                         0x08008fd1   Thumb Code    24  stm32f10x_usart.o(.text)
    USART_ClockInit                          0x08008fe9   Thumb Code    34  stm32f10x_usart.o(.text)
    USART_ClockStructInit                    0x0800900b   Thumb Code    12  stm32f10x_usart.o(.text)
    USART_Cmd                                0x08009017   Thumb Code    24  stm32f10x_usart.o(.text)
    USART_ITConfig                           0x0800902f   Thumb Code    74  stm32f10x_usart.o(.text)
    USART_DMACmd                             0x08009079   Thumb Code    18  stm32f10x_usart.o(.text)
    USART_SetAddress                         0x0800908b   Thumb Code    18  stm32f10x_usart.o(.text)
    USART_WakeUpConfig                       0x0800909d   Thumb Code    18  stm32f10x_usart.o(.text)
    USART_ReceiverWakeUpCmd                  0x080090af   Thumb Code    24  stm32f10x_usart.o(.text)
    USART_LINBreakDetectLengthConfig         0x080090c7   Thumb Code    18  stm32f10x_usart.o(.text)
    USART_LINCmd                             0x080090d9   Thumb Code    24  stm32f10x_usart.o(.text)
    USART_SendData                           0x080090f1   Thumb Code     8  stm32f10x_usart.o(.text)
    USART_ReceiveData                        0x080090f9   Thumb Code    10  stm32f10x_usart.o(.text)
    USART_SendBreak                          0x08009103   Thumb Code    10  stm32f10x_usart.o(.text)
    USART_SetGuardTime                       0x0800910d   Thumb Code    16  stm32f10x_usart.o(.text)
    USART_SetPrescaler                       0x0800911d   Thumb Code    16  stm32f10x_usart.o(.text)
    USART_SmartCardCmd                       0x0800912d   Thumb Code    24  stm32f10x_usart.o(.text)
    USART_SmartCardNACKCmd                   0x08009145   Thumb Code    24  stm32f10x_usart.o(.text)
    USART_HalfDuplexCmd                      0x0800915d   Thumb Code    24  stm32f10x_usart.o(.text)
    USART_OverSampling8Cmd                   0x08009175   Thumb Code    22  stm32f10x_usart.o(.text)
    USART_OneBitMethodCmd                    0x0800918b   Thumb Code    24  stm32f10x_usart.o(.text)
    USART_IrDAConfig                         0x080091a3   Thumb Code    18  stm32f10x_usart.o(.text)
    USART_IrDACmd                            0x080091b5   Thumb Code    24  stm32f10x_usart.o(.text)
    USART_GetFlagStatus                      0x080091cd   Thumb Code    26  stm32f10x_usart.o(.text)
    USART_ClearFlag                          0x080091e7   Thumb Code    18  stm32f10x_usart.o(.text)
    USART_GetITStatus                        0x080091f9   Thumb Code    84  stm32f10x_usart.o(.text)
    USART_ClearITPendingBit                  0x0800924d   Thumb Code    52  stm32f10x_usart.o(.text)
    TIM_DeInit                               0x08009281   Thumb Code   424  stm32f10x_tim.o(.text)
    TIM_TimeBaseInit                         0x08009429   Thumb Code   122  stm32f10x_tim.o(.text)
    TIM_OC1Init                              0x080094a3   Thumb Code   132  stm32f10x_tim.o(.text)
    TIM_OC2Init                              0x08009527   Thumb Code   154  stm32f10x_tim.o(.text)
    TIM_OC3Init                              0x080095c1   Thumb Code   150  stm32f10x_tim.o(.text)
    TIM_OC4Init                              0x08009657   Thumb Code   182  stm32f10x_tim.o(.text)
    TIM_SetIC4Prescaler                      0x0800970d   Thumb Code    26  stm32f10x_tim.o(.text)
    TIM_SetIC3Prescaler                      0x080097a9   Thumb Code    18  stm32f10x_tim.o(.text)
    TIM_SetIC2Prescaler                      0x08009835   Thumb Code    26  stm32f10x_tim.o(.text)
    TIM_SetIC1Prescaler                      0x080098d1   Thumb Code    18  stm32f10x_tim.o(.text)
    TIM_ICInit                               0x0800994f   Thumb Code   150  stm32f10x_tim.o(.text)
    TIM_PWMIConfig                           0x080099e5   Thumb Code   124  stm32f10x_tim.o(.text)
    TIM_BDTRConfig                           0x08009a61   Thumb Code    32  stm32f10x_tim.o(.text)
    TIM_TimeBaseStructInit                   0x08009a81   Thumb Code    18  stm32f10x_tim.o(.text)
    TIM_OCStructInit                         0x08009a93   Thumb Code    20  stm32f10x_tim.o(.text)
    TIM_ICStructInit                         0x08009aa7   Thumb Code    18  stm32f10x_tim.o(.text)
    TIM_BDTRStructInit                       0x08009ab9   Thumb Code    40  stm32f10x_tim.o(.text)
    TIM_Cmd                                  0x08009ae1   Thumb Code    24  stm32f10x_tim.o(.text)
    TIM_CtrlPWMOutputs                       0x08009af9   Thumb Code    30  stm32f10x_tim.o(.text)
    TIM_ITConfig                             0x08009b17   Thumb Code    18  stm32f10x_tim.o(.text)
    TIM_GenerateEvent                        0x08009b29   Thumb Code     4  stm32f10x_tim.o(.text)
    TIM_DMAConfig                            0x08009b2d   Thumb Code    10  stm32f10x_tim.o(.text)
    TIM_DMACmd                               0x08009b37   Thumb Code    18  stm32f10x_tim.o(.text)
    TIM_InternalClockConfig                  0x08009b49   Thumb Code    12  stm32f10x_tim.o(.text)
    TIM_SelectInputTrigger                   0x08009b55   Thumb Code    18  stm32f10x_tim.o(.text)
    TIM_ITRxExternalClockConfig              0x08009b67   Thumb Code    24  stm32f10x_tim.o(.text)
    TIM_TIxExternalClockConfig               0x08009b7f   Thumb Code    62  stm32f10x_tim.o(.text)
    TIM_ETRConfig                            0x08009bbd   Thumb Code    28  stm32f10x_tim.o(.text)
    TIM_ETRClockMode1Config                  0x08009bd9   Thumb Code    54  stm32f10x_tim.o(.text)
    TIM_ETRClockMode2Config                  0x08009c0f   Thumb Code    32  stm32f10x_tim.o(.text)
    TIM_PrescalerConfig                      0x08009c2f   Thumb Code     6  stm32f10x_tim.o(.text)
    TIM_CounterModeConfig                    0x08009c35   Thumb Code    18  stm32f10x_tim.o(.text)
    TIM_EncoderInterfaceConfig               0x08009c47   Thumb Code    66  stm32f10x_tim.o(.text)
    TIM_ForcedOC1Config                      0x08009c89   Thumb Code    18  stm32f10x_tim.o(.text)
    TIM_ForcedOC2Config                      0x08009c9b   Thumb Code    26  stm32f10x_tim.o(.text)
    TIM_ForcedOC3Config                      0x08009cb5   Thumb Code    18  stm32f10x_tim.o(.text)
    TIM_ForcedOC4Config                      0x08009cc7   Thumb Code    26  stm32f10x_tim.o(.text)
    TIM_ARRPreloadConfig                     0x08009ce1   Thumb Code    24  stm32f10x_tim.o(.text)
    TIM_SelectCOM                            0x08009cf9   Thumb Code    24  stm32f10x_tim.o(.text)
    TIM_SelectCCDMA                          0x08009d11   Thumb Code    24  stm32f10x_tim.o(.text)
    TIM_CCPreloadControl                     0x08009d29   Thumb Code    24  stm32f10x_tim.o(.text)
    TIM_OC1PreloadConfig                     0x08009d41   Thumb Code    18  stm32f10x_tim.o(.text)
    TIM_OC2PreloadConfig                     0x08009d53   Thumb Code    26  stm32f10x_tim.o(.text)
    TIM_OC3PreloadConfig                     0x08009d6d   Thumb Code    18  stm32f10x_tim.o(.text)
    TIM_OC4PreloadConfig                     0x08009d7f   Thumb Code    26  stm32f10x_tim.o(.text)
    TIM_OC1FastConfig                        0x08009d99   Thumb Code    18  stm32f10x_tim.o(.text)
    TIM_OC2FastConfig                        0x08009dab   Thumb Code    26  stm32f10x_tim.o(.text)
    TIM_OC3FastConfig                        0x08009dc5   Thumb Code    18  stm32f10x_tim.o(.text)
    TIM_OC4FastConfig                        0x08009dd7   Thumb Code    26  stm32f10x_tim.o(.text)
    TIM_ClearOC1Ref                          0x08009df1   Thumb Code    18  stm32f10x_tim.o(.text)
    TIM_ClearOC2Ref                          0x08009e03   Thumb Code    24  stm32f10x_tim.o(.text)
    TIM_ClearOC3Ref                          0x08009e1b   Thumb Code    18  stm32f10x_tim.o(.text)
    TIM_ClearOC4Ref                          0x08009e2d   Thumb Code    24  stm32f10x_tim.o(.text)
    TIM_OC1PolarityConfig                    0x08009e45   Thumb Code    18  stm32f10x_tim.o(.text)
    TIM_OC1NPolarityConfig                   0x08009e57   Thumb Code    18  stm32f10x_tim.o(.text)
    TIM_OC2PolarityConfig                    0x08009e69   Thumb Code    26  stm32f10x_tim.o(.text)
    TIM_OC2NPolarityConfig                   0x08009e83   Thumb Code    26  stm32f10x_tim.o(.text)
    TIM_OC3PolarityConfig                    0x08009e9d   Thumb Code    26  stm32f10x_tim.o(.text)
    TIM_OC3NPolarityConfig                   0x08009eb7   Thumb Code    26  stm32f10x_tim.o(.text)
    TIM_OC4PolarityConfig                    0x08009ed1   Thumb Code    26  stm32f10x_tim.o(.text)
    TIM_CCxCmd                               0x08009eeb   Thumb Code    30  stm32f10x_tim.o(.text)
    TIM_CCxNCmd                              0x08009f09   Thumb Code    30  stm32f10x_tim.o(.text)
    TIM_SelectOCxM                           0x08009f27   Thumb Code    82  stm32f10x_tim.o(.text)
    TIM_UpdateDisableConfig                  0x08009f79   Thumb Code    24  stm32f10x_tim.o(.text)
    TIM_UpdateRequestConfig                  0x08009f91   Thumb Code    24  stm32f10x_tim.o(.text)
    TIM_SelectHallSensor                     0x08009fa9   Thumb Code    24  stm32f10x_tim.o(.text)
    TIM_SelectOnePulseMode                   0x08009fc1   Thumb Code    18  stm32f10x_tim.o(.text)
    TIM_SelectOutputTrigger                  0x08009fd3   Thumb Code    18  stm32f10x_tim.o(.text)
    TIM_SelectSlaveMode                      0x08009fe5   Thumb Code    18  stm32f10x_tim.o(.text)
    TIM_SelectMasterSlaveMode                0x08009ff7   Thumb Code    18  stm32f10x_tim.o(.text)
    TIM_SetCounter                           0x0800a009   Thumb Code     4  stm32f10x_tim.o(.text)
    TIM_SetAutoreload                        0x0800a00d   Thumb Code     4  stm32f10x_tim.o(.text)
    TIM_SetCompare1                          0x0800a011   Thumb Code     4  stm32f10x_tim.o(.text)
    TIM_SetCompare2                          0x0800a015   Thumb Code     4  stm32f10x_tim.o(.text)
    TIM_SetCompare3                          0x0800a019   Thumb Code     4  stm32f10x_tim.o(.text)
    TIM_SetCompare4                          0x0800a01d   Thumb Code     6  stm32f10x_tim.o(.text)
    TIM_SetClockDivision                     0x0800a023   Thumb Code    18  stm32f10x_tim.o(.text)
    TIM_GetCapture1                          0x0800a035   Thumb Code     6  stm32f10x_tim.o(.text)
    TIM_GetCapture2                          0x0800a03b   Thumb Code     6  stm32f10x_tim.o(.text)
    TIM_GetCapture3                          0x0800a041   Thumb Code     6  stm32f10x_tim.o(.text)
    TIM_GetCapture4                          0x0800a047   Thumb Code     8  stm32f10x_tim.o(.text)
    TIM_GetCounter                           0x0800a04f   Thumb Code     6  stm32f10x_tim.o(.text)
    TIM_GetPrescaler                         0x0800a055   Thumb Code     6  stm32f10x_tim.o(.text)
    TIM_GetFlagStatus                        0x0800a05b   Thumb Code    18  stm32f10x_tim.o(.text)
    TIM_ClearFlag                            0x0800a06d   Thumb Code     6  stm32f10x_tim.o(.text)
    TIM_GetITStatus                          0x0800a073   Thumb Code    34  stm32f10x_tim.o(.text)
    TIM_ClearITPendingBit                    0x0800a095   Thumb Code     6  stm32f10x_tim.o(.text)
    DMA_DeInit                               0x0800a09d   Thumb Code   324  stm32f10x_dma.o(.text)
    DMA_Init                                 0x0800a1e1   Thumb Code    60  stm32f10x_dma.o(.text)
    DMA_StructInit                           0x0800a21d   Thumb Code    26  stm32f10x_dma.o(.text)
    DMA_Cmd                                  0x0800a237   Thumb Code    24  stm32f10x_dma.o(.text)
    DMA_ITConfig                             0x0800a24f   Thumb Code    18  stm32f10x_dma.o(.text)
    DMA_SetCurrDataCounter                   0x0800a261   Thumb Code     4  stm32f10x_dma.o(.text)
    DMA_GetCurrDataCounter                   0x0800a265   Thumb Code     8  stm32f10x_dma.o(.text)
    DMA_GetFlagStatus                        0x0800a26d   Thumb Code    40  stm32f10x_dma.o(.text)
    DMA_ClearFlag                            0x0800a295   Thumb Code    22  stm32f10x_dma.o(.text)
    DMA_GetITStatus                          0x0800a2ab   Thumb Code    40  stm32f10x_dma.o(.text)
    DMA_ClearITPendingBit                    0x0800a2d3   Thumb Code    22  stm32f10x_dma.o(.text)
    SDIO_DeInit                              0x0800a2f1   Thumb Code    28  stm32f10x_sdio.o(.text)
    SDIO_Init                                0x0800a30d   Thumb Code    42  stm32f10x_sdio.o(.text)
    SDIO_StructInit                          0x0800a337   Thumb Code    16  stm32f10x_sdio.o(.text)
    SDIO_ClockCmd                            0x0800a347   Thumb Code     6  stm32f10x_sdio.o(.text)
    SDIO_SetPowerState                       0x0800a34d   Thumb Code    22  stm32f10x_sdio.o(.text)
    SDIO_GetPowerState                       0x0800a363   Thumb Code    10  stm32f10x_sdio.o(.text)
    SDIO_ITConfig                            0x0800a36d   Thumb Code    26  stm32f10x_sdio.o(.text)
    SDIO_DMACmd                              0x0800a387   Thumb Code     6  stm32f10x_sdio.o(.text)
    SDIO_SendCommand                         0x0800a38d   Thumb Code    38  stm32f10x_sdio.o(.text)
    SDIO_CmdStructInit                       0x0800a3b3   Thumb Code    14  stm32f10x_sdio.o(.text)
    SDIO_GetCommandResponse                  0x0800a3c1   Thumb Code     8  stm32f10x_sdio.o(.text)
    SDIO_GetResponse                         0x0800a3c9   Thumb Code    22  stm32f10x_sdio.o(.text)
    SDIO_DataConfig                          0x0800a3df   Thumb Code    42  stm32f10x_sdio.o(.text)
    SDIO_DataStructInit                      0x0800a409   Thumb Code    20  stm32f10x_sdio.o(.text)
    SDIO_GetDataCounter                      0x0800a41d   Thumb Code     6  stm32f10x_sdio.o(.text)
    SDIO_ReadData                            0x0800a423   Thumb Code     8  stm32f10x_sdio.o(.text)
    SDIO_WriteData                           0x0800a42b   Thumb Code     8  stm32f10x_sdio.o(.text)
    SDIO_GetFIFOCount                        0x0800a433   Thumb Code     6  stm32f10x_sdio.o(.text)
    SDIO_StartSDIOReadWait                   0x0800a439   Thumb Code     8  stm32f10x_sdio.o(.text)
    SDIO_StopSDIOReadWait                    0x0800a441   Thumb Code     8  stm32f10x_sdio.o(.text)
    SDIO_SetSDIOReadWaitMode                 0x0800a449   Thumb Code     8  stm32f10x_sdio.o(.text)
    SDIO_SetSDIOOperation                    0x0800a451   Thumb Code     8  stm32f10x_sdio.o(.text)
    SDIO_SendSDIOSuspendCmd                  0x0800a459   Thumb Code     6  stm32f10x_sdio.o(.text)
    SDIO_CommandCompletionCmd                0x0800a45f   Thumb Code     8  stm32f10x_sdio.o(.text)
    SDIO_CEATAITCmd                          0x0800a467   Thumb Code    12  stm32f10x_sdio.o(.text)
    SDIO_SendCEATACmd                        0x0800a473   Thumb Code     8  stm32f10x_sdio.o(.text)
    SDIO_GetFlagStatus                       0x0800a47b   Thumb Code    20  stm32f10x_sdio.o(.text)
    SDIO_ClearFlag                           0x0800a48f   Thumb Code     6  stm32f10x_sdio.o(.text)
    SDIO_GetITStatus                         0x0800a495   Thumb Code    20  stm32f10x_sdio.o(.text)
    SDIO_ClearITPendingBit                   0x0800a4a9   Thumb Code     6  stm32f10x_sdio.o(.text)
    mymemcpy                                 0x0800a4c5   Thumb Code    26  malloc.o(.text)
    mymemset                                 0x0800a4df   Thumb Code    20  malloc.o(.text)
    my_mem_init                              0x0800a4f3   Thumb Code    54  malloc.o(.text)
    my_mem_perused                           0x0800a529   Thumb Code    54  malloc.o(.text)
    my_mem_malloc                            0x0800a55f   Thumb Code   154  malloc.o(.text)
    my_mem_free                              0x0800a5f9   Thumb Code    94  malloc.o(.text)
    myfree                                   0x0800a657   Thumb Code    32  malloc.o(.text)
    mymalloc                                 0x0800a677   Thumb Code    36  malloc.o(.text)
    myrealloc                                0x0800a69b   Thumb Code    68  malloc.o(.text)
    disk_status                              0x0800a6f1   Thumb Code     6  diskio.o(.text)
    disk_initialize                          0x0800a6f7   Thumb Code    52  diskio.o(.text)
    disk_read                                0x0800a72b   Thumb Code   122  diskio.o(.text)
    disk_write                               0x0800a7a5   Thumb Code   122  diskio.o(.text)
    disk_ioctl                               0x0800a81f   Thumb Code   170  diskio.o(.text)
    get_fattime                              0x0800a8c9   Thumb Code     4  diskio.o(.text)
    ff_memalloc                              0x0800a8cd   Thumb Code    14  diskio.o(.text)
    ff_memfree                               0x0800a8db   Thumb Code    14  diskio.o(.text)
    clust2sect                               0x0800aaa7   Thumb Code    26  ff.o(.text)
    get_fat                                  0x0800aac1   Thumb Code   242  ff.o(.text)
    put_fat                                  0x0800abb3   Thumb Code   322  ff.o(.text)
    dir_sdi                                  0x0800ae69   Thumb Code   158  ff.o(.text)
    f_mount                                  0x0800bef3   Thumb Code    86  ff.o(.text)
    f_open                                   0x0800bf49   Thumb Code   384  ff.o(.text)
    f_read                                   0x0800c0c9   Thumb Code   450  ff.o(.text)
    f_write                                  0x0800c28b   Thumb Code   490  ff.o(.text)
    f_sync                                   0x0800c475   Thumb Code   176  ff.o(.text)
    f_close                                  0x0800c525   Thumb Code    32  ff.o(.text)
    f_lseek                                  0x0800c545   Thumb Code   684  ff.o(.text)
    f_opendir                                0x0800c7f1   Thumb Code   136  ff.o(.text)
    f_closedir                               0x0800c879   Thumb Code    22  ff.o(.text)
    f_readdir                                0x0800c88f   Thumb Code   114  ff.o(.text)
    f_stat                                   0x0800c901   Thumb Code    84  ff.o(.text)
    f_getfree                                0x0800c955   Thumb Code   258  ff.o(.text)
    f_truncate                               0x0800ca57   Thumb Code   184  ff.o(.text)
    f_unlink                                 0x0800cb0f   Thumb Code   190  ff.o(.text)
    f_mkdir                                  0x0800cbcd   Thumb Code   380  ff.o(.text)
    f_chmod                                  0x0800cd49   Thumb Code   112  ff.o(.text)
    f_rename                                 0x0800cdb9   Thumb Code   290  ff.o(.text)
    f_utime                                  0x0800cedb   Thumb Code   110  ff.o(.text)
    f_getlabel                               0x0800cf49   Thumb Code   190  ff.o(.text)
    f_setlabel                               0x0800d007   Thumb Code   482  ff.o(.text)
    f_mkfs                                   0x0800d1e9   Thumb Code  1578  ff.o(.text)
    f_gets                                   0x0800d813   Thumb Code    82  ff.o(.text)
    f_putc                                   0x0800d8a9   Thumb Code    64  ff.o(.text)
    f_puts                                   0x0800d8e9   Thumb Code    74  ff.o(.text)
    f_printf                                 0x0800d933   Thumb Code   674  ff.o(.text)
    exfuns_init                              0x0800dbd5   Thumb Code   114  exfuns.o(.text)
    char_upper                               0x0800dc47   Thumb Code    26  exfuns.o(.text)
    f_typetell                               0x0800dc61   Thumb Code   188  exfuns.o(.text)
    exf_getfree                              0x0800dd1d   Thumb Code    74  exfuns.o(.text)
    ff_convert                               0x0800dd7d   Thumb Code   146  mycc936.o(.text)
    ff_wtoupper                              0x0800de0f   Thumb Code    46  mycc936.o(.text)
    usmart_sys_cmd_exe                       0x0800de49   Thumb Code  1554  usmart.o(.text)
    usmart_reset_runtime                     0x0800e45b   Thumb Code    38  usmart.o(.text)
    usmart_get_runtime                       0x0800e481   Thumb Code    60  usmart.o(.text)
    TIM4_IRQHandler                          0x0800e4bd   Thumb Code    46  usmart.o(.text)
    Timer4_Init                              0x0800e4eb   Thumb Code    88  usmart.o(.text)
    usmart_init                              0x0800e543   Thumb Code    36  usmart.o(.text)
    usmart_cmd_rec                           0x0800e567   Thumb Code   170  usmart.o(.text)
    usmart_exe                               0x0800e611   Thumb Code   870  usmart.o(.text)
    usmart_scan                              0x0800e977   Thumb Code   120  usmart.o(.text)
    read_addr                                0x0800e9ef   Thumb Code     6  usmart.o(.text)
    write_addr                               0x0800e9f5   Thumb Code     4  usmart.o(.text)
    usmart_strcmp                            0x0800ea81   Thumb Code    34  usmart_str.o(.text)
    usmart_strcopy                           0x0800eaa3   Thumb Code    22  usmart_str.o(.text)
    usmart_strlen                            0x0800eab9   Thumb Code    24  usmart_str.o(.text)
    usmart_pow                               0x0800ead1   Thumb Code    22  usmart_str.o(.text)
    usmart_str2num                           0x0800eae7   Thumb Code   202  usmart_str.o(.text)
    usmart_get_cmdname                       0x0800ebb1   Thumb Code    54  usmart_str.o(.text)
    usmart_search_nextc                      0x0800ebe7   Thumb Code    22  usmart_str.o(.text)
    usmart_get_fname                         0x0800ebfd   Thumb Code   440  usmart_str.o(.text)
    usmart_get_aparm                         0x0800edb5   Thumb Code   200  usmart_str.o(.text)
    usmart_get_parmpos                       0x0800ee7d   Thumb Code    26  usmart_str.o(.text)
    usmart_get_fparam                        0x0800ee97   Thumb Code   262  usmart_str.o(.text)
    fupd_prog                                0x0800efa9   Thumb Code   134  fontupd.o(.text)
    updata_fontx                             0x0800f02f   Thumb Code   346  fontupd.o(.text)
    update_font                              0x0800f189   Thumb Code   882  fontupd.o(.text)
    font_init                                0x0800f4fb   Thumb Code    64  fontupd.o(.text)
    Get_HzMat                                0x0800f579   Thumb Code   220  text.o(.text)
    Show_Font                                0x0800f655   Thumb Code   190  text.o(.text)
    Show_Str                                 0x0800f713   Thumb Code   192  text.o(.text)
    Show_Str_Mid                             0x0800f7d3   Thumb Code   106  text.o(.text)
    mp3_index_show                           0x0800f84d   Thumb Code    64  mp3player.o(.text)
    mp3_vol_show                             0x0800f88d   Thumb Code    46  mp3player.o(.text)
    mp3_msg_show                             0x0800f8bb   Thumb Code   336  mp3player.o(.text)
    mp3_get_tnum                             0x0800fa0b   Thumb Code   116  mp3player.o(.text)
    mp3_play_song                            0x0800fa7f   Thumb Code   368  mp3player.o(.text)
    mp3_play                                 0x0800fbef   Thumb Code   668  mp3player.o(.text)
    __use_no_semihosting                     0x0800fead   Thumb Code     2  use_no_semi_2.o(.text)
    __aeabi_ldivmod                          0x0800feaf   Thumb Code     0  llsdiv.o(.text)
    _ll_sdiv                                 0x0800feaf   Thumb Code    72  llsdiv.o(.text)
    __2printf                                0x0800fef9   Thumb Code    20  noretval__2printf.o(.text)
    _printf_pre_padding                      0x0800ff11   Thumb Code    44  _printf_pad.o(.text)
    _printf_post_padding                     0x0800ff3d   Thumb Code    34  _printf_pad.o(.text)
    _printf_str                              0x0800ff5f   Thumb Code    82  _printf_str.o(.text)
    _printf_int_dec                          0x0800ffb1   Thumb Code   104  _printf_dec.o(.text)
    _printf_int_hex                          0x08010029   Thumb Code    84  _printf_hex_int.o(.text)
    _printf_longlong_hex                     0x08010029   Thumb Code     0  _printf_hex_int.o(.text)
    __printf                                 0x08010081   Thumb Code   388  __printf_flags_ss_wp.o(.text)
    strcpy                                   0x08010209   Thumb Code    72  strcpy.o(.text)
    strlen                                   0x08010251   Thumb Code    62  strlen.o(.text)
    strcat                                   0x0801028f   Thumb Code    24  strcat.o(.text)
    __aeabi_memcpy                           0x080102a7   Thumb Code     0  rt_memcpy_v6.o(.text)
    __rt_memcpy                              0x080102a7   Thumb Code   138  rt_memcpy_v6.o(.text)
    _memcpy_lastbytes                        0x0801030d   Thumb Code     0  rt_memcpy_v6.o(.text)
    strcmp                                   0x08010331   Thumb Code   128  strcmpv7m.o(.text)
    __use_two_region_memory                  0x080103b1   Thumb Code     2  heapauxi.o(.text)
    __rt_heap_escrow$2region                 0x080103b3   Thumb Code     2  heapauxi.o(.text)
    __rt_heap_expand$2region                 0x080103b5   Thumb Code     2  heapauxi.o(.text)
    __I$use$semihosting                      0x080103b7   Thumb Code     0  use_no_semi.o(.text)
    __use_no_semihosting_swi                 0x080103b7   Thumb Code     2  use_no_semi.o(.text)
    __aeabi_uldivmod                         0x080103b9   Thumb Code     0  lludivv7m.o(.text)
    _ll_udiv                                 0x080103b9   Thumb Code   238  lludivv7m.o(.text)
    _printf_int_common                       0x080104a7   Thumb Code   178  _printf_intcommon.o(.text)
    _printf_cs_common                        0x08010559   Thumb Code    20  _printf_char.o(.text)
    _printf_char                             0x0801056d   Thumb Code    16  _printf_char.o(.text)
    _printf_string                           0x0801057d   Thumb Code     8  _printf_char.o(.text)
    _printf_char_file                        0x08010585   Thumb Code    32  _printf_char_file.o(.text)
    __aeabi_memcpy4                          0x080105a9   Thumb Code     0  rt_memcpy_w.o(.text)
    __aeabi_memcpy8                          0x080105a9   Thumb Code     0  rt_memcpy_w.o(.text)
    __rt_memcpy_w                            0x080105a9   Thumb Code   100  rt_memcpy_w.o(.text)
    _memcpy_lastbytes_aligned                0x080105f1   Thumb Code     0  rt_memcpy_w.o(.text)
    _printf_char_common                      0x08010617   Thumb Code    32  _printf_char_common.o(.text)
    ferror                                   0x0801063d   Thumb Code     8  ferror.o(.text)
    __user_setup_stackheap                   0x08010645   Thumb Code    74  sys_stackheap_outer.o(.text)
    exit                                     0x0801068f   Thumb Code    18  exit.o(.text)
    __user_libspace                          0x080106a1   Thumb Code     8  libspace.o(.text)
    __user_perproc_libspace                  0x080106a1   Thumb Code     0  libspace.o(.text)
    __user_perthread_libspace                0x080106a1   Thumb Code     0  libspace.o(.text)
    _is_digit                                0x080106a9   Thumb Code    14  __printf_wp.o(i._is_digit)
    __aeabi_d2uiz                            0x080106b9   Thumb Code     0  dfixu.o(x$fpl$dfixu)
    _dfixu                                   0x080106b9   Thumb Code    90  dfixu.o(x$fpl$dfixu)
    __aeabi_ui2d                             0x08010713   Thumb Code     0  dflt_clz.o(x$fpl$dfltu)
    _dfltu                                   0x08010713   Thumb Code    38  dflt_clz.o(x$fpl$dfltu)
    __aeabi_dmul                             0x08010739   Thumb Code     0  dmul.o(x$fpl$dmul)
    _dmul                                    0x08010739   Thumb Code   332  dmul.o(x$fpl$dmul)
    __fpl_dnaninf                            0x0801088d   Thumb Code   156  dnaninf.o(x$fpl$dnaninf)
    __fpl_dretinf                            0x08010929   Thumb Code    12  dretinf.o(x$fpl$dretinf)
    __fpl_fcmp_Inf                           0x08010935   Thumb Code    24  fcmpi.o(x$fpl$fcmpinf)
    __aeabi_fdiv                             0x0801094d   Thumb Code     0  fdiv.o(x$fpl$fdiv)
    _fdiv                                    0x0801094d   Thumb Code   384  fdiv.o(x$fpl$fdiv)
    __aeabi_cfcmpeq                          0x08010ad1   Thumb Code     0  feqf.o(x$fpl$feqf)
    _fcmpeq                                  0x08010ad1   Thumb Code   104  feqf.o(x$fpl$feqf)
    __aeabi_f2uiz                            0x08010b39   Thumb Code     0  ffixu.o(x$fpl$ffixu)
    _ffixu                                   0x08010b39   Thumb Code    62  ffixu.o(x$fpl$ffixu)
    __aeabi_ui2f                             0x08010b79   Thumb Code     0  fflt_clz.o(x$fpl$ffltu)
    _ffltu                                   0x08010b79   Thumb Code    38  fflt_clz.o(x$fpl$ffltu)
    __aeabi_fmul                             0x08010ba1   Thumb Code     0  fmul.o(x$fpl$fmul)
    _fmul                                    0x08010ba1   Thumb Code   258  fmul.o(x$fpl$fmul)
    __fpl_fnaninf                            0x08010ca3   Thumb Code   140  fnaninf.o(x$fpl$fnaninf)
    __fpl_fretinf                            0x08010d2f   Thumb Code    10  fretinf.o(x$fpl$fretinf)
    __I$use$fp                               0x08010d38   Number         0  usenofp.o(x$fpl$usenofp)
    asc2_1206                                0x08010d38   Data        1140  lcd.o(.constdata)
    asc2_1608                                0x080111ac   Data        1520  lcd.o(.constdata)
    asc2_2412                                0x0801179c   Data        3420  lcd.o(.constdata)
    bitrate                                  0x080124f8   Data          64  vs10xx.o(.constdata)
    memtblsize                               0x08012538   Data           8  malloc.o(.constdata)
    memblksize                               0x08012540   Data           8  malloc.o(.constdata)
    memsize                                  0x08012548   Data           8  malloc.o(.constdata)
    FILE_TYPE_TBL                            0x0801258c   Data         312  exfuns.o(.constdata)
    GBK24_PATH                               0x08012a84   Data           4  fontupd.o(.constdata)
    GBK16_PATH                               0x08012a88   Data           4  fontupd.o(.constdata)
    GBK12_PATH                               0x08012a8c   Data           4  fontupd.o(.constdata)
    UNIGBK_PATH                              0x08012a90   Data           4  fontupd.o(.constdata)
    vs1053b_patch                            0x08012a94   Data       10866  mp3player.o(.constdata)
    Region$$Table$$Base                      0x0801574c   Number         0  anon$$obj.o(Region$$Table)
    Region$$Table$$Limit                     0x0801576c   Number         0  anon$$obj.o(Region$$Table)
    SystemCoreClock                          0x20000000   Data           4  system_stm32f10x.o(.data)
    AHBPrescTable                            0x20000004   Data          16  system_stm32f10x.o(.data)
    POINT_COLOR                              0x20000016   Data           2  lcd.o(.data)
    BACK_COLOR                               0x20000018   Data           2  lcd.o(.data)
    W25QXX_TYPE                              0x2000001a   Data           2  w25qxx.o(.data)
    TransferError                            0x20000026   Data           1  sdio_sdcard.o(.data)
    TransferEnd                              0x20000027   Data           1  sdio_sdcard.o(.data)
    tempbuff                                 0x20000028   Data           4  sdio_sdcard.o(.data)
    vsset                                    0x2000002c   Data           8  vs10xx.o(.data)
    __stdout                                 0x20000038   Data           4  usart.o(.data)
    USART_RX_STA                             0x2000003c   Data           2  usart.o(.data)
    mallco_dev                               0x20000054   Data          28  malloc.o(.data)
    FLASH_SECTOR_COUNT                       0x20000070   Data           2  diskio.o(.data)
    fs                                       0x20000080   Data           8  exfuns.o(.data)
    file                                     0x20000088   Data           4  exfuns.o(.data)
    ftemp                                    0x2000008c   Data           4  exfuns.o(.data)
    br                                       0x20000090   Data           4  exfuns.o(.data)
    bw                                       0x20000094   Data           4  exfuns.o(.data)
    fatbuf                                   0x20000098   Data           4  exfuns.o(.data)
    sys_cmd_tab                              0x2000009c   Data          28  usmart.o(.data)
    usmart_nametab                           0x200000b8   Data          72  usmart_config.o(.data)
    usmart_dev                               0x20000100   Data         244  usmart_config.o(.data)
    f_kbps                                   0x200001f4   Data           2  mp3player.o(.data)
    lcddev                                   0x200001f8   Data          14  lcd.o(.bss)
    W25QXX_BUFFER                            0x20000206   Data        4096  w25qxx.o(.bss)
    SDIO_InitStructure                       0x20001208   Data          24  sdio_sdcard.o(.bss)
    SDIO_CmdInitStructure                    0x20001220   Data          20  sdio_sdcard.o(.bss)
    SDIO_DataInitStructure                   0x20001234   Data          24  sdio_sdcard.o(.bss)
    SDCardInfo                               0x20001270   Data          88  sdio_sdcard.o(.bss)
    SDIO_DATA_BUFFER                         0x200012c8   Data         512  sdio_sdcard.o(.bss)
    USART_RX_BUF                             0x200014c8   Data         200  usart.o(.bss)
    mem1base                                 0x200015a0   Data       40960  malloc.o(.bss)
    mem1mapbase                              0x2000b5a0   Data        2560  malloc.o(.bss)
    ftinfo                                   0x2000bfa0   Data          33  fontupd.o(.bss)
    __libspace_start                         0x2000bfc4   Data          96  libspace.o(.bss)
    __temporary_stack_top$libspace           0x2000c024   Data           0  libspace.o(.bss)
    mem2base                                 0x68000000   Data       983040  malloc.o(.ARM.__AT_0x68000000)
    mem2mapbase                              0x680f0000   Data       61440  malloc.o(.ARM.__AT_0x680F0000)



==============================================================================

Memory Map of the image

  Image Entry point : 0x08000131

  Load Region LR_IROM1 (Base: 0x08000000, Size: 0x00015964, Max: 0x00080000, ABSOLUTE, COMPRESSED[0x00015814])

    Execution Region ER_IROM1 (Base: 0x08000000, Size: 0x0001576c, Max: 0x00080000, ABSOLUTE)

    Base Addr    Size         Type   Attr      Idx    E Section Name        Object

    0x08000000   0x00000130   Data   RO          433    RESET               startup_stm32f10x_hd.o
    0x08000130   0x00000008   Code   RO          838  * !!!main             c_w.l(__main.o)
    0x08000138   0x00000034   Code   RO         1065    !!!scatter          c_w.l(__scatter.o)
    0x0800016c   0x0000005a   Code   RO         1063    !!dczerorl2         c_w.l(__dczerorl2.o)
    0x080001c6   0x00000002   PAD
    0x080001c8   0x0000001c   Code   RO         1067    !!handler_zi        c_w.l(__scatter_zi.o)
    0x080001e4   0x00000000   Code   RO          825    .ARM.Collect$$_printf_percent$$00000000  c_w.l(_printf_percent.o)
    0x080001e4   0x00000006   Code   RO          823    .ARM.Collect$$_printf_percent$$00000009  c_w.l(_printf_d.o)
    0x080001ea   0x00000006   Code   RO          824    .ARM.Collect$$_printf_percent$$0000000A  c_w.l(_printf_u.o)
    0x080001f0   0x00000006   Code   RO          822    .ARM.Collect$$_printf_percent$$0000000C  c_w.l(_printf_x.o)
    0x080001f6   0x00000006   Code   RO          820    .ARM.Collect$$_printf_percent$$00000013  c_w.l(_printf_c.o)
    0x080001fc   0x00000006   Code   RO          821    .ARM.Collect$$_printf_percent$$00000014  c_w.l(_printf_s.o)
    0x08000202   0x00000004   Code   RO          881    .ARM.Collect$$_printf_percent$$00000017  c_w.l(_printf_percent_end.o)
    0x08000206   0x00000002   Code   RO          933    .ARM.Collect$$libinit$$00000000  c_w.l(libinit.o)
    0x08000208   0x00000000   Code   RO          944    .ARM.Collect$$libinit$$00000002  c_w.l(libinit2.o)
    0x08000208   0x00000000   Code   RO          946    .ARM.Collect$$libinit$$00000004  c_w.l(libinit2.o)
    0x08000208   0x00000000   Code   RO          949    .ARM.Collect$$libinit$$0000000A  c_w.l(libinit2.o)
    0x08000208   0x00000000   Code   RO          951    .ARM.Collect$$libinit$$0000000C  c_w.l(libinit2.o)
    0x08000208   0x00000000   Code   RO          953    .ARM.Collect$$libinit$$0000000E  c_w.l(libinit2.o)
    0x08000208   0x00000000   Code   RO          956    .ARM.Collect$$libinit$$00000011  c_w.l(libinit2.o)
    0x08000208   0x00000000   Code   RO          958    .ARM.Collect$$libinit$$00000013  c_w.l(libinit2.o)
    0x08000208   0x00000000   Code   RO          960    .ARM.Collect$$libinit$$00000015  c_w.l(libinit2.o)
    0x08000208   0x00000000   Code   RO          962    .ARM.Collect$$libinit$$00000017  c_w.l(libinit2.o)
    0x08000208   0x00000000   Code   RO          964    .ARM.Collect$$libinit$$00000019  c_w.l(libinit2.o)
    0x08000208   0x00000000   Code   RO          966    .ARM.Collect$$libinit$$0000001B  c_w.l(libinit2.o)
    0x08000208   0x00000000   Code   RO          968    .ARM.Collect$$libinit$$0000001D  c_w.l(libinit2.o)
    0x08000208   0x00000000   Code   RO          970    .ARM.Collect$$libinit$$0000001F  c_w.l(libinit2.o)
    0x08000208   0x00000000   Code   RO          972    .ARM.Collect$$libinit$$00000021  c_w.l(libinit2.o)
    0x08000208   0x00000000   Code   RO          974    .ARM.Collect$$libinit$$00000023  c_w.l(libinit2.o)
    0x08000208   0x00000000   Code   RO          976    .ARM.Collect$$libinit$$00000025  c_w.l(libinit2.o)
    0x08000208   0x00000000   Code   RO          980    .ARM.Collect$$libinit$$0000002C  c_w.l(libinit2.o)
    0x08000208   0x00000000   Code   RO          982    .ARM.Collect$$libinit$$0000002E  c_w.l(libinit2.o)
    0x08000208   0x00000000   Code   RO          984    .ARM.Collect$$libinit$$00000030  c_w.l(libinit2.o)
    0x08000208   0x00000000   Code   RO          986    .ARM.Collect$$libinit$$00000032  c_w.l(libinit2.o)
    0x08000208   0x00000002   Code   RO          987    .ARM.Collect$$libinit$$00000033  c_w.l(libinit2.o)
    0x0800020a   0x00000002   Code   RO         1015    .ARM.Collect$$libshutdown$$00000000  c_w.l(libshutdown.o)
    0x0800020c   0x00000000   Code   RO         1029    .ARM.Collect$$libshutdown$$00000002  c_w.l(libshutdown2.o)
    0x0800020c   0x00000000   Code   RO         1031    .ARM.Collect$$libshutdown$$00000004  c_w.l(libshutdown2.o)
    0x0800020c   0x00000000   Code   RO         1034    .ARM.Collect$$libshutdown$$00000007  c_w.l(libshutdown2.o)
    0x0800020c   0x00000000   Code   RO         1037    .ARM.Collect$$libshutdown$$0000000A  c_w.l(libshutdown2.o)
    0x0800020c   0x00000000   Code   RO         1039    .ARM.Collect$$libshutdown$$0000000C  c_w.l(libshutdown2.o)
    0x0800020c   0x00000000   Code   RO         1042    .ARM.Collect$$libshutdown$$0000000F  c_w.l(libshutdown2.o)
    0x0800020c   0x00000002   Code   RO         1043    .ARM.Collect$$libshutdown$$00000010  c_w.l(libshutdown2.o)
    0x0800020e   0x00000000   Code   RO          872    .ARM.Collect$$rtentry$$00000000  c_w.l(__rtentry.o)
    0x0800020e   0x00000000   Code   RO          896    .ARM.Collect$$rtentry$$00000002  c_w.l(__rtentry2.o)
    0x0800020e   0x00000006   Code   RO          908    .ARM.Collect$$rtentry$$00000004  c_w.l(__rtentry4.o)
    0x08000214   0x00000000   Code   RO          898    .ARM.Collect$$rtentry$$00000009  c_w.l(__rtentry2.o)
    0x08000214   0x00000004   Code   RO          899    .ARM.Collect$$rtentry$$0000000A  c_w.l(__rtentry2.o)
    0x08000218   0x00000000   Code   RO          901    .ARM.Collect$$rtentry$$0000000C  c_w.l(__rtentry2.o)
    0x08000218   0x00000008   Code   RO          902    .ARM.Collect$$rtentry$$0000000D  c_w.l(__rtentry2.o)
    0x08000220   0x00000002   Code   RO          937    .ARM.Collect$$rtexit$$00000000  c_w.l(rtexit.o)
    0x08000222   0x00000000   Code   RO          989    .ARM.Collect$$rtexit$$00000002  c_w.l(rtexit2.o)
    0x08000222   0x00000004   Code   RO          990    .ARM.Collect$$rtexit$$00000003  c_w.l(rtexit2.o)
    0x08000226   0x00000006   Code   RO          991    .ARM.Collect$$rtexit$$00000004  c_w.l(rtexit2.o)
    0x0800022c   0x00000268   Code   RO            1    .text               main.o
    0x08000494   0x0000001a   Code   RO          174    .text               stm32f10x_it.o
    0x080004ae   0x00000002   PAD
    0x080004b0   0x000001e0   Code   RO          215    .text               system_stm32f10x.o
    0x08000690   0x0000004c   Code   RO          233    .text               led.o
    0x080006dc   0x000000fc   Code   RO          245    .text               key.o
    0x080007d8   0x00004a5c   Code   RO          258    .text               lcd.o
    0x08005234   0x00000204   Code   RO          288    .text               spi.o
    0x08005438   0x00000368   Code   RO          303    .text               w25qxx.o
    0x080057a0   0x00001c30   Code   RO          322    .text               sdio_sdcard.o
    0x080073d0   0x00000754   Code   RO          348    .text               vs10xx.o
    0x08007b24   0x000000d4   Code   RO          367    .text               delay.o
    0x08007bf8   0x0000000c   Code   RO          382    .text               sys.o
    0x08007c04   0x00000140   Code   RO          398    .text               usart.o
    0x08007d44   0x00000040   Code   RO          434    .text               startup_stm32f10x_hd.o
    0x08007d84   0x000000dc   Code   RO          438    .text               misc.o
    0x08007e60   0x0000060c   Code   RO          450    .text               stm32f10x_fsmc.o
    0x0800846c   0x0000035c   Code   RO          462    .text               stm32f10x_gpio.o
    0x080087c8   0x000003a4   Code   RO          474    .text               stm32f10x_rcc.o
    0x08008b6c   0x0000030c   Code   RO          488    .text               stm32f10x_spi.o
    0x08008e78   0x00000408   Code   RO          500    .text               stm32f10x_usart.o
    0x08009280   0x00000e1a   Code   RO          512    .text               stm32f10x_tim.o
    0x0800a09a   0x00000002   PAD
    0x0800a09c   0x00000254   Code   RO          524    .text               stm32f10x_dma.o
    0x0800a2f0   0x000001d4   Code   RO          536    .text               stm32f10x_sdio.o
    0x0800a4c4   0x0000022c   Code   RO          548    .text               malloc.o
    0x0800a6f0   0x00000200   Code   RO          570    .text               diskio.o
    0x0800a8f0   0x000032e4   Code   RO          588    .text               ff.o
    0x0800dbd4   0x000001a8   Code   RO          609    .text               exfuns.o
    0x0800dd7c   0x000000cc   Code   RO          652    .text               mycc936.o
    0x0800de48   0x00000c38   Code   RO          665    .text               usmart.o
    0x0800ea80   0x00000528   Code   RO          694    .text               usmart_str.o
    0x0800efa8   0x000005d0   Code   RO          706    .text               fontupd.o
    0x0800f578   0x000002d4   Code   RO          730    .text               text.o
    0x0800f84c   0x00000660   Code   RO          742    .text               mp3player.o
    0x0800feac   0x00000002   Code   RO          763    .text               c_w.l(use_no_semi_2.o)
    0x0800feae   0x00000048   Code   RO          765    .text               c_w.l(llsdiv.o)
    0x0800fef6   0x00000002   PAD
    0x0800fef8   0x00000018   Code   RO          769    .text               c_w.l(noretval__2printf.o)
    0x0800ff10   0x0000004e   Code   RO          773    .text               c_w.l(_printf_pad.o)
    0x0800ff5e   0x00000052   Code   RO          775    .text               c_w.l(_printf_str.o)
    0x0800ffb0   0x00000078   Code   RO          777    .text               c_w.l(_printf_dec.o)
    0x08010028   0x00000058   Code   RO          782    .text               c_w.l(_printf_hex_int.o)
    0x08010080   0x00000188   Code   RO          817    .text               c_w.l(__printf_flags_ss_wp.o)
    0x08010208   0x00000048   Code   RO          826    .text               c_w.l(strcpy.o)
    0x08010250   0x0000003e   Code   RO          828    .text               c_w.l(strlen.o)
    0x0801028e   0x00000018   Code   RO          830    .text               c_w.l(strcat.o)
    0x080102a6   0x0000008a   Code   RO          832    .text               c_w.l(rt_memcpy_v6.o)
    0x08010330   0x00000080   Code   RO          834    .text               c_w.l(strcmpv7m.o)
    0x080103b0   0x00000006   Code   RO          836    .text               c_w.l(heapauxi.o)
    0x080103b6   0x00000002   Code   RO          870    .text               c_w.l(use_no_semi.o)
    0x080103b8   0x000000ee   Code   RO          873    .text               c_w.l(lludivv7m.o)
    0x080104a6   0x000000b2   Code   RO          875    .text               c_w.l(_printf_intcommon.o)
    0x08010558   0x0000002c   Code   RO          877    .text               c_w.l(_printf_char.o)
    0x08010584   0x00000024   Code   RO          879    .text               c_w.l(_printf_char_file.o)
    0x080105a8   0x00000064   Code   RO          882    .text               c_w.l(rt_memcpy_w.o)
    0x0801060c   0x00000030   Code   RO          914    .text               c_w.l(_printf_char_common.o)
    0x0801063c   0x00000008   Code   RO          916    .text               c_w.l(ferror.o)
    0x08010644   0x0000004a   Code   RO          920    .text               c_w.l(sys_stackheap_outer.o)
    0x0801068e   0x00000012   Code   RO          926    .text               c_w.l(exit.o)
    0x080106a0   0x00000008   Code   RO          934    .text               c_w.l(libspace.o)
    0x080106a8   0x0000000e   Code   RO          810    i._is_digit         c_w.l(__printf_wp.o)
    0x080106b6   0x00000002   PAD
    0x080106b8   0x0000005a   Code   RO          840    x$fpl$dfixu         fz_ws.l(dfixu.o)
    0x08010712   0x00000026   Code   RO          844    x$fpl$dfltu         fz_ws.l(dflt_clz.o)
    0x08010738   0x00000154   Code   RO          850    x$fpl$dmul          fz_ws.l(dmul.o)
    0x0801088c   0x0000009c   Code   RO          884    x$fpl$dnaninf       fz_ws.l(dnaninf.o)
    0x08010928   0x0000000c   Code   RO          886    x$fpl$dretinf       fz_ws.l(dretinf.o)
    0x08010934   0x00000018   Code   RO          888    x$fpl$fcmpinf       fz_ws.l(fcmpi.o)
    0x0801094c   0x00000184   Code   RO          853    x$fpl$fdiv          fz_ws.l(fdiv.o)
    0x08010ad0   0x00000068   Code   RO          856    x$fpl$feqf          fz_ws.l(feqf.o)
    0x08010b38   0x0000003e   Code   RO          858    x$fpl$ffixu         fz_ws.l(ffixu.o)
    0x08010b76   0x00000002   PAD
    0x08010b78   0x00000026   Code   RO          862    x$fpl$ffltu         fz_ws.l(fflt_clz.o)
    0x08010b9e   0x00000002   PAD
    0x08010ba0   0x00000102   Code   RO          868    x$fpl$fmul          fz_ws.l(fmul.o)
    0x08010ca2   0x0000008c   Code   RO          890    x$fpl$fnaninf       fz_ws.l(fnaninf.o)
    0x08010d2e   0x0000000a   Code   RO          892    x$fpl$fretinf       fz_ws.l(fretinf.o)
    0x08010d38   0x00000000   Code   RO          894    x$fpl$usenofp       fz_ws.l(usenofp.o)
    0x08010d38   0x000017c0   Data   RO          260    .constdata          lcd.o
    0x080124f8   0x00000040   Data   RO          349    .constdata          vs10xx.o
    0x08012538   0x00000018   Data   RO          552    .constdata          malloc.o
    0x08012550   0x0000003a   Data   RO          589    .constdata          ff.o
    0x0801258a   0x00000002   PAD
    0x0801258c   0x00000138   Data   RO          611    .constdata          exfuns.o
    0x080126c4   0x000003c0   Data   RO          653    .constdata          mycc936.o
    0x08012a84   0x00000010   Data   RO          708    .constdata          fontupd.o
    0x08012a94   0x00002a72   Data   RO          743    .constdata          mp3player.o
    0x08015506   0x00000028   Data   RO          783    .constdata          c_w.l(_printf_hex_int.o)
    0x0801552e   0x00000011   Data   RO          818    .constdata          c_w.l(__printf_flags_ss_wp.o)
    0x0801553f   0x00000001   PAD
    0x08015540   0x00000060   Data   RO          612    .conststring        exfuns.o
    0x080155a0   0x00000028   Data   RO          666    .conststring        usmart.o
    0x080155c8   0x00000121   Data   RO          681    .conststring        usmart_config.o
    0x080156e9   0x00000003   PAD
    0x080156ec   0x0000005f   Data   RO          709    .conststring        fontupd.o
    0x0801574b   0x00000001   PAD
    0x0801574c   0x00000020   Data   RO         1061    Region$$Table       anon$$obj.o


    Execution Region RW_IRAM1 (Base: 0x20000000, Size: 0x0000c628, Max: 0x00010000, ABSOLUTE, COMPRESSED[0x000000a8])

    Base Addr    Size         Type   Attr      Idx    E Section Name        Object

    0x20000000   0x00000014   Data   RW          216    .data               system_stm32f10x.o
    0x20000014   0x00000001   Data   RW          246    .data               key.o
    0x20000015   0x00000001   PAD
    0x20000016   0x00000004   Data   RW          261    .data               lcd.o
    0x2000001a   0x00000002   Data   RW          305    .data               w25qxx.o
    0x2000001c   0x00000010   Data   RW          324    .data               sdio_sdcard.o
    0x2000002c   0x00000008   Data   RW          350    .data               vs10xx.o
    0x20000034   0x00000004   Data   RW          368    .data               delay.o
    0x20000038   0x00000006   Data   RW          400    .data               usart.o
    0x2000003e   0x00000014   Data   RW          475    .data               stm32f10x_rcc.o
    0x20000052   0x00000002   PAD
    0x20000054   0x0000001c   Data   RW          553    .data               malloc.o
    0x20000070   0x00000002   Data   RW          571    .data               diskio.o
    0x20000072   0x00000002   PAD
    0x20000074   0x0000000a   Data   RW          590    .data               ff.o
    0x2000007e   0x00000002   PAD
    0x20000080   0x0000001c   Data   RW          613    .data               exfuns.o
    0x2000009c   0x0000001c   Data   RW          667    .data               usmart.o
    0x200000b8   0x0000013c   Data   RW          682    .data               usmart_config.o
    0x200001f4   0x00000004   Data   RW          744    .data               mp3player.o
    0x200001f8   0x0000000e   Zero   RW          259    .bss                lcd.o
    0x20000206   0x00001000   Zero   RW          304    .bss                w25qxx.o
    0x20001206   0x00000002   PAD
    0x20001208   0x000002c0   Zero   RW          323    .bss                sdio_sdcard.o
    0x200014c8   0x000000c8   Zero   RW          399    .bss                usart.o
    0x20001590   0x00000010   PAD
    0x200015a0   0x0000aa00   Zero   RW          551    .bss                malloc.o
    0x2000bfa0   0x00000021   Zero   RW          707    .bss                fontupd.o
    0x2000bfc1   0x00000003   PAD
    0x2000bfc4   0x00000060   Zero   RW          935    .bss                c_w.l(libspace.o)
    0x2000c024   0x00000004   PAD
    0x2000c028   0x00000200   Zero   RW          432    HEAP                startup_stm32f10x_hd.o
    0x2000c228   0x00000400   Zero   RW          431    STACK               startup_stm32f10x_hd.o



  Load Region LR$$.ARM.__AT_0x68000000 (Base: 0x68000000, Size: 0x00000000, Max: 0x000f0000, ABSOLUTE)

    Execution Region ER$$.ARM.__AT_0x68000000 (Base: 0x68000000, Size: 0x000f0000, Max: 0x000f0000, ABSOLUTE, UNINIT)

    Base Addr    Size         Type   Attr      Idx    E Section Name        Object

    0x68000000   0x000f0000   Zero   RW          549    .ARM.__AT_0x68000000  malloc.o



  Load Region LR$$.ARM.__AT_0x680F0000 (Base: 0x680f0000, Size: 0x00000000, Max: 0x0000f000, ABSOLUTE)

    Execution Region ER$$.ARM.__AT_0x680F0000 (Base: 0x680f0000, Size: 0x0000f000, Max: 0x0000f000, ABSOLUTE, UNINIT)

    Base Addr    Size         Type   Attr      Idx    E Section Name        Object

    0x680f0000   0x0000f000   Zero   RW          550    .ARM.__AT_0x680F0000  malloc.o


==============================================================================

Image component sizes


      Code (inc. data)   RO Data    RW Data    ZI Data      Debug   Object Name

       212         18          0          4          0       1075   delay.o
       512          8          0          2          0       4390   diskio.o
       424         22        408         28          0       2800   exfuns.o
     13028        144         58         10          0      38246   ff.o
      1488        158        111          0         33       4292   fontupd.o
       252         12          0          1          0        860   key.o
     19036        162       6080          4         14      22342   lcd.o
        76          8          0          0          0        515   led.o
       616        226          0          0          0     287951   main.o
       556         18         24         28    1088000       4752   malloc.o
       220         22          0          0          0       1833   misc.o
      1632        118      10866          4          0       4150   mp3player.o
       204         12        960          0          0       1649   mycc936.o
      7216        256          0         16        704      24780   sdio_sdcard.o
       516         18          0          0          0       1908   spi.o
        64         26        304          0       1536        820   startup_stm32f10x_hd.o
       596          8          0          0          0       4398   stm32f10x_dma.o
      1548         18          0          0          0       5411   stm32f10x_fsmc.o
       860         38          0          0          0       5765   stm32f10x_gpio.o
        26          0          0          0          0       1198   stm32f10x_it.o
       932         36          0         20          0       8960   stm32f10x_rcc.o
       468         22          0          0          0       7152   stm32f10x_sdio.o
       780         14          0          0          0       6646   stm32f10x_spi.o
      3610         88          0          0          0      22872   stm32f10x_tim.o
      1032         22          0          0          0       8492   stm32f10x_usart.o
        12          0          0          0          0        635   sys.o
       480         38          0         20          0       1791   system_stm32f10x.o
       724         16          0          0          0       3160   text.o
       320         16          0          6        200       3230   usart.o
      3128       1288         40         28          0       4422   usmart.o
         0          0        289        316          0       1592   usmart_config.o
      1320         12          0          0          0       5261   usmart_str.o
      1876         50         64          8          0       8486   vs10xx.o
       872         30          0          2       4096       4525   w25qxx.o

    ----------------------------------------------------------------------
     64640       2924      19242        504    1094604     506359   Object Totals
         0          0         32          0          0          0   (incl. Generated)
         4          0          6          7         21          0   (incl. Padding)

    ----------------------------------------------------------------------

      Code (inc. data)   RO Data    RW Data    ZI Data      Debug   Library Member Name

        90          0          0          0          0          0   __dczerorl2.o
         8          0          0          0          0         68   __main.o
       392          4         17          0          0         92   __printf_flags_ss_wp.o
        14          0          0          0          0         68   __printf_wp.o
         0          0          0          0          0          0   __rtentry.o
        12          0          0          0          0          0   __rtentry2.o
         6          0          0          0          0          0   __rtentry4.o
        52          8          0          0          0          0   __scatter.o
        28          0          0          0          0          0   __scatter_zi.o
         6          0          0          0          0          0   _printf_c.o
        44          0          0          0          0        108   _printf_char.o
        48          6          0          0          0         96   _printf_char_common.o
        36          4          0          0          0         80   _printf_char_file.o
         6          0          0          0          0          0   _printf_d.o
       120         16          0          0          0         92   _printf_dec.o
        88          4         40          0          0         88   _printf_hex_int.o
       178          0          0          0          0         88   _printf_intcommon.o
        78          0          0          0          0        108   _printf_pad.o
         0          0          0          0          0          0   _printf_percent.o
         4          0          0          0          0          0   _printf_percent_end.o
         6          0          0          0          0          0   _printf_s.o
        82          0          0          0          0         80   _printf_str.o
         6          0          0          0          0          0   _printf_u.o
         6          0          0          0          0          0   _printf_x.o
        18          0          0          0          0         80   exit.o
         8          0          0          0          0         68   ferror.o
         6          0          0          0          0        152   heapauxi.o
         2          0          0          0          0          0   libinit.o
         2          0          0          0          0          0   libinit2.o
         2          0          0          0          0          0   libshutdown.o
         2          0          0          0          0          0   libshutdown2.o
         8          4          0          0         96         68   libspace.o
        72          0          0          0          0         76   llsdiv.o
       238          0          0          0          0        100   lludivv7m.o
        24          4          0          0          0         84   noretval__2printf.o
       138          0          0          0          0         68   rt_memcpy_v6.o
       100          0          0          0          0         80   rt_memcpy_w.o
         2          0          0          0          0          0   rtexit.o
        10          0          0          0          0          0   rtexit2.o
        24          0          0          0          0         68   strcat.o
       128          0          0          0          0         68   strcmpv7m.o
        72          0          0          0          0         80   strcpy.o
        62          0          0          0          0         76   strlen.o
        74          0          0          0          0         80   sys_stackheap_outer.o
         2          0          0          0          0         68   use_no_semi.o
         2          0          0          0          0         68   use_no_semi_2.o
        90          4          0          0          0         92   dfixu.o
        38          0          0          0          0         68   dflt_clz.o
       340         12          0          0          0        104   dmul.o
       156          4          0          0          0         92   dnaninf.o
        12          0          0          0          0         68   dretinf.o
        24          0          0          0          0         68   fcmpi.o
       388         76          0          0          0         96   fdiv.o
       104          4          0          0          0         84   feqf.o
        62          4          0          0          0         84   ffixu.o
        38          0          0          0          0         68   fflt_clz.o
       258          4          0          0          0         84   fmul.o
       140          4          0          0          0         84   fnaninf.o
        10          0          0          0          0         68   fretinf.o
         0          0          0          0          0          0   usenofp.o

    ----------------------------------------------------------------------
      3976        162         58          0        100       3312   Library Totals
        10          0          1          0          4          0   (incl. Padding)

    ----------------------------------------------------------------------

      Code (inc. data)   RO Data    RW Data    ZI Data      Debug   Library Name

      2306         50         57          0         96       2252   c_w.l
      1660        112          0          0          0       1060   fz_ws.l

    ----------------------------------------------------------------------
      3976        162         58          0        100       3312   Library Totals

    ----------------------------------------------------------------------

==============================================================================


      Code (inc. data)   RO Data    RW Data    ZI Data      Debug   

     68616       3086      19300        504    1094704     504831   Grand Totals
     68616       3086      19300        168    1094704     504831   ELF Image Totals (compressed)
     68616       3086      19300        168          0          0   ROM Totals

==============================================================================

    Total RO  Size (Code + RO Data)                87916 (  85.86kB)
    Total RW  Size (RW Data + ZI Data)           1095208 (1069.54kB)
    Total ROM Size (Code + RO Data + RW Data)      88084 (  86.02kB)

==============================================================================

